00400000-00403000 r-xp 00000000 08:04 5010184                            /usr/bin/xinit
Size:                 12 kB
Rss:                   0 kB
Pss:                   0 kB
Shared_Clean:          0 kB
Shared_Dirty:          0 kB
Private_Clean:         0 kB
Private_Dirty:         0 kB
Referenced:            0 kB
Anonymous:             0 kB
AnonHugePages:         0 kB
Swap:                  0 kB
KernelPageSize:        4 kB
MMUPageSize:           4 kB
Locked:                0 kB
VmFlags: rd ex mr mw me dw 
00603000-00604000 r--p 00003000 08:04 5010184                            /usr/bin/xinit
Size:                  4 kB
Rss:                   4 kB
Pss:                   4 kB
Shared_Clean:          0 kB
Shared_Dirty:          0 kB
Private_Clean:         0 kB
Private_Dirty:         4 kB
Referenced:            4 kB
Anonymous:             4 kB
AnonHugePages:         0 kB
Swap:                  0 kB
KernelPageSize:        4 kB
MMUPageSize:           4 kB
Locked:                0 kB
VmFlags: rd mr mw me dw ac 
00604000-00605000 rw-p 00004000 08:04 5010184                            /usr/bin/xinit
Size:                  4 kB
Rss:                   4 kB
Pss:                   4 kB
Shared_Clean:          0 kB
Shared_Dirty:          0 kB
Private_Clean:         0 kB
Private_Dirty:         4 kB
Referenced:            0 kB
Anonymous:             4 kB
AnonHugePages:         0 kB
Swap:                  0 kB
KernelPageSize:        4 kB
MMUPageSize:           4 kB
Locked:                0 kB
VmFlags: rd wr mr mw me dw ac 
00605000-00626000 rw-p 00000000 00:00 0                                  [heap]
Size:                132 kB
Rss:                  52 kB
Pss:                  52 kB
Shared_Clean:          0 kB
Shared_Dirty:          0 kB
Private_Clean:         0 kB
Private_Dirty:        52 kB
Referenced:            0 kB
Anonymous:            52 kB
AnonHugePages:         0 kB
Swap:                  0 kB
KernelPageSize:        4 kB
MMUPageSize:           4 kB
Locked:                0 kB
VmFlags: rd wr mr mw me ac 
7fe3cc5b9000-7fe3cc5be000 r-xp 00000000 08:04 4993045                    /usr/lib64/libXdmcp.so.6.0.0
Size:                 20 kB
Rss:                  20 kB
Pss:                   0 kB
Shared_Clean:         20 kB
Shared_Dirty:          0 kB
Private_Clean:         0 kB
Private_Dirty:         0 kB
Referenced:           20 kB
Anonymous:             0 kB
AnonHugePages:         0 kB
Swap:                  0 kB
KernelPageSize:        4 kB
MMUPageSize:           4 kB
Locked:                0 kB
VmFlags: rd ex mr mw me 
7fe3cc5be000-7fe3cc7bd000 ---p 00005000 08:04 4993045                    /usr/lib64/libXdmcp.so.6.0.0
Size:               2044 kB
Rss:                   0 kB
Pss:                   0 kB
Shared_Clean:          0 kB
Shared_Dirty:          0 kB
Private_Clean:         0 kB
Private_Dirty:         0 kB
Referenced:            0 kB
Anonymous:             0 kB
AnonHugePages:         0 kB
Swap:                  0 kB
KernelPageSize:        4 kB
MMUPageSize:           4 kB
Locked:                0 kB
VmFlags: mr mw me 
7fe3cc7bd000-7fe3cc7be000 r--p 00004000 08:04 4993045                    /usr/lib64/libXdmcp.so.6.0.0
Size:                  4 kB
Rss:                   4 kB
Pss:                   4 kB
Shared_Clean:          0 kB
Shared_Dirty:          0 kB
Private_Clean:         0 kB
Private_Dirty:         4 kB
Referenced:            4 kB
Anonymous:             4 kB
AnonHugePages:         0 kB
Swap:                  0 kB
KernelPageSize:        4 kB
MMUPageSize:           4 kB
Locked:                0 kB
VmFlags: rd mr mw me ac 
7fe3cc7be000-7fe3cc7bf000 rw-p 00005000 08:04 4993045                    /usr/lib64/libXdmcp.so.6.0.0
Size:                  4 kB
Rss:                   4 kB
Pss:                   4 kB
Shared_Clean:          0 kB
Shared_Dirty:          0 kB
Private_Clean:         0 kB
Private_Dirty:         4 kB
Referenced:            4 kB
Anonymous:             4 kB
AnonHugePages:         0 kB
Swap:                  0 kB
KernelPageSize:        4 kB
MMUPageSize:           4 kB
Locked:                0 kB
VmFlags: rd wr mr mw me ac 
7fe3cc7bf000-7fe3cc7c2000 r-xp 00000000 08:04 4993082                    /usr/lib64/libXau.so.6.0.0
Size:                 12 kB
Rss:                  12 kB
Pss:                   0 kB
Shared_Clean:         12 kB
Shared_Dirty:          0 kB
Private_Clean:         0 kB
Private_Dirty:         0 kB
Referenced:           12 kB
Anonymous:             0 kB
AnonHugePages:         0 kB
Swap:                  0 kB
KernelPageSize:        4 kB
MMUPageSize:           4 kB
Locked:                0 kB
VmFlags: rd ex mr mw me 
7fe3cc7c2000-7fe3cc9c1000 ---p 00003000 08:04 4993082                    /usr/lib64/libXau.so.6.0.0
Size:               2044 kB
Rss:                   0 kB
Pss:                   0 kB
Shared_Clean:          0 kB
Shared_Dirty:          0 kB
Private_Clean:         0 kB
Private_Dirty:         0 kB
Referenced:            0 kB
Anonymous:             0 kB
AnonHugePages:         0 kB
Swap:                  0 kB
KernelPageSize:        4 kB
MMUPageSize:           4 kB
Locked:                0 kB
VmFlags: mr mw me 
7fe3cc9c1000-7fe3cc9c2000 r--p 00002000 08:04 4993082                    /usr/lib64/libXau.so.6.0.0
Size:                  4 kB
Rss:                   4 kB
Pss:                   4 kB
Shared_Clean:          0 kB
Shared_Dirty:          0 kB
Private_Clean:         0 kB
Private_Dirty:         4 kB
Referenced:            4 kB
Anonymous:             4 kB
AnonHugePages:         0 kB
Swap:                  0 kB
KernelPageSize:        4 kB
MMUPageSize:           4 kB
Locked:                0 kB
VmFlags: rd mr mw me ac 
7fe3cc9c2000-7fe3cc9c3000 rw-p 00003000 08:04 4993082                    /usr/lib64/libXau.so.6.0.0
Size:                  4 kB
Rss:                   4 kB
Pss:                   4 kB
Shared_Clean:          0 kB
Shared_Dirty:          0 kB
Private_Clean:         0 kB
Private_Dirty:         4 kB
Referenced:            4 kB
Anonymous:             4 kB
AnonHugePages:         0 kB
Swap:                  0 kB
KernelPageSize:        4 kB
MMUPageSize:           4 kB
Locked:                0 kB
VmFlags: rd wr mr mw me ac 
7fe3cc9c3000-7fe3cc9c6000 r-xp 00000000 08:04 14472406                   /lib64/libdl-2.28.so
Size:                 12 kB
Rss:                  12 kB
Pss:                   0 kB
Shared_Clean:         12 kB
Shared_Dirty:          0 kB
Private_Clean:         0 kB
Private_Dirty:         0 kB
Referenced:           12 kB
Anonymous:             0 kB
AnonHugePages:         0 kB
Swap:                  0 kB
KernelPageSize:        4 kB
MMUPageSize:           4 kB
Locked:                0 kB
VmFlags: rd ex mr mw me 
7fe3cc9c6000-7fe3ccbc5000 ---p 00003000 08:04 14472406                   /lib64/libdl-2.28.so
Size:               2044 kB
Rss:                   0 kB
Pss:                   0 kB
Shared_Clean:          0 kB
Shared_Dirty:          0 kB
Private_Clean:         0 kB
Private_Dirty:         0 kB
Referenced:            0 kB
Anonymous:             0 kB
AnonHugePages:         0 kB
Swap:                  0 kB
KernelPageSize:        4 kB
MMUPageSize:           4 kB
Locked:                0 kB
VmFlags: mr mw me 
7fe3ccbc5000-7fe3ccbc6000 r--p 00002000 08:04 14472406                   /lib64/libdl-2.28.so
Size:                  4 kB
Rss:                   4 kB
Pss:                   4 kB
Shared_Clean:          0 kB
Shared_Dirty:          0 kB
Private_Clean:         0 kB
Private_Dirty:         4 kB
Referenced:            4 kB
Anonymous:             4 kB
AnonHugePages:         0 kB
Swap:                  0 kB
KernelPageSize:        4 kB
MMUPageSize:           4 kB
Locked:                0 kB
VmFlags: rd mr mw me ac 
7fe3ccbc6000-7fe3ccbc7000 rw-p 00003000 08:04 14472406                   /lib64/libdl-2.28.so
Size:                  4 kB
Rss:                   4 kB
Pss:                   4 kB
Shared_Clean:          0 kB
Shared_Dirty:          0 kB
Private_Clean:         0 kB
Private_Dirty:         4 kB
Referenced:            4 kB
Anonymous:             4 kB
AnonHugePages:         0 kB
Swap:                  0 kB
KernelPageSize:        4 kB
MMUPageSize:           4 kB
Locked:                0 kB
VmFlags: rd wr mr mw me ac 
7fe3ccbc7000-7fe3ccbef000 r-xp 00000000 08:04 12721162                   /usr/lib64/libxcb.so.1.1.0
Size:                160 kB
Rss:                 160 kB
Pss:                   7 kB
Shared_Clean:        160 kB
Shared_Dirty:          0 kB
Private_Clean:         0 kB
Private_Dirty:         0 kB
Referenced:          160 kB
Anonymous:             0 kB
AnonHugePages:         0 kB
Swap:                  0 kB
KernelPageSize:        4 kB
MMUPageSize:           4 kB
Locked:                0 kB
VmFlags: rd ex mr mw me 
7fe3ccbef000-7fe3ccdee000 ---p 00028000 08:04 12721162                   /usr/lib64/libxcb.so.1.1.0
Size:               2044 kB
Rss:                   0 kB
Pss:                   0 kB
Shared_Clean:          0 kB
Shared_Dirty:          0 kB
Private_Clean:         0 kB
Private_Dirty:         0 kB
Referenced:            0 kB
Anonymous:             0 kB
AnonHugePages:         0 kB
Swap:                  0 kB
KernelPageSize:        4 kB
MMUPageSize:           4 kB
Locked:                0 kB
VmFlags: mr mw me 
7fe3ccdee000-7fe3ccdef000 r--p 00027000 08:04 12721162                   /usr/lib64/libxcb.so.1.1.0
Size:                  4 kB
Rss:                   4 kB
Pss:                   4 kB
Shared_Clean:          0 kB
Shared_Dirty:          0 kB
Private_Clean:         0 kB
Private_Dirty:         4 kB
Referenced:            4 kB
Anonymous:             4 kB
AnonHugePages:         0 kB
Swap:                  0 kB
KernelPageSize:        4 kB
MMUPageSize:           4 kB
Locked:                0 kB
VmFlags: rd mr mw me ac 
7fe3ccdef000-7fe3ccdf0000 rw-p 00028000 08:04 12721162                   /usr/lib64/libxcb.so.1.1.0
Size:                  4 kB
Rss:                   4 kB
Pss:                   4 kB
Shared_Clean:          0 kB
Shared_Dirty:          0 kB
Private_Clean:         0 kB
Private_Dirty:         4 kB
Referenced:            4 kB
Anonymous:             4 kB
AnonHugePages:         0 kB
Swap:                  0 kB
KernelPageSize:        4 kB
MMUPageSize:           4 kB
Locked:                0 kB
VmFlags: rd wr mr mw me ac 
7fe3ccdf0000-7fe3ccfb2000 r-xp 00000000 08:04 14472116                   /lib64/libc-2.28.so
Size:               1800 kB
Rss:                1256 kB
Pss:                  22 kB
Shared_Clean:       1256 kB
Shared_Dirty:          0 kB
Private_Clean:         0 kB
Private_Dirty:         0 kB
Referenced:         1256 kB
Anonymous:             0 kB
AnonHugePages:         0 kB
Swap:                  0 kB
KernelPageSize:        4 kB
MMUPageSize:           4 kB
Locked:                0 kB
VmFlags: rd ex mr mw me 
7fe3ccfb2000-7fe3cd1b1000 ---p 001c2000 08:04 14472116                   /lib64/libc-2.28.so
Size:               2044 kB
Rss:                   0 kB
Pss:                   0 kB
Shared_Clean:          0 kB
Shared_Dirty:          0 kB
Private_Clean:         0 kB
Private_Dirty:         0 kB
Referenced:            0 kB
Anonymous:             0 kB
AnonHugePages:         0 kB
Swap:                  0 kB
KernelPageSize:        4 kB
MMUPageSize:           4 kB
Locked:                0 kB
VmFlags: mr mw me 
7fe3cd1b1000-7fe3cd1b5000 r--p 001c1000 08:04 14472116                   /lib64/libc-2.28.so
Size:                 16 kB
Rss:                  16 kB
Pss:                  16 kB
Shared_Clean:          0 kB
Shared_Dirty:          0 kB
Private_Clean:         0 kB
Private_Dirty:        16 kB
Referenced:           16 kB
Anonymous:            16 kB
AnonHugePages:         0 kB
Swap:                  0 kB
KernelPageSize:        4 kB
MMUPageSize:           4 kB
Locked:                0 kB
VmFlags: rd mr mw me ac 
7fe3cd1b5000-7fe3cd1b7000 rw-p 001c5000 08:04 14472116                   /lib64/libc-2.28.so
Size:                  8 kB
Rss:                   8 kB
Pss:                   8 kB
Shared_Clean:          0 kB
Shared_Dirty:          0 kB
Private_Clean:         0 kB
Private_Dirty:         8 kB
Referenced:            8 kB
Anonymous:             8 kB
AnonHugePages:         0 kB
Swap:                  0 kB
KernelPageSize:        4 kB
MMUPageSize:           4 kB
Locked:                0 kB
VmFlags: rd wr mr mw me ac 
7fe3cd1b7000-7fe3cd1bb000 rw-p 00000000 00:00 0 
Size:                 16 kB
Rss:                  12 kB
Pss:                  12 kB
Shared_Clean:          0 kB
Shared_Dirty:          0 kB
Private_Clean:         0 kB
Private_Dirty:        12 kB
Referenced:            4 kB
Anonymous:            12 kB
AnonHugePages:         0 kB
Swap:                  0 kB
KernelPageSize:        4 kB
MMUPageSize:           4 kB
Locked:                0 kB
VmFlags: rd wr mr mw me ac 
7fe3cd1bb000-7fe3cd2f0000 r-xp 00000000 08:04 5001141                    /usr/lib64/libX11.so.6.3.0
Size:               1236 kB
Rss:                 516 kB
Pss:                  25 kB
Shared_Clean:        516 kB
Shared_Dirty:          0 kB
Private_Clean:         0 kB
Private_Dirty:         0 kB
Referenced:          516 kB
Anonymous:             0 kB
AnonHugePages:         0 kB
Swap:                  0 kB
KernelPageSize:        4 kB
MMUPageSize:           4 kB
Locked:                0 kB
VmFlags: rd ex mr mw me 
7fe3cd2f0000-7fe3cd4f0000 ---p 00135000 08:04 5001141                    /usr/lib64/libX11.so.6.3.0
Size:               2048 kB
Rss:                   0 kB
Pss:                   0 kB
Shared_Clean:          0 kB
Shared_Dirty:          0 kB
Private_Clean:         0 kB
Private_Dirty:         0 kB
Referenced:            0 kB
Anonymous:             0 kB
AnonHugePages:         0 kB
Swap:                  0 kB
KernelPageSize:        4 kB
MMUPageSize:           4 kB
Locked:                0 kB
VmFlags: mr mw me 
7fe3cd4f0000-7fe3cd4f1000 r--p 00135000 08:04 5001141                    /usr/lib64/libX11.so.6.3.0
Size:                  4 kB
Rss:                   4 kB
Pss:                   4 kB
Shared_Clean:          0 kB
Shared_Dirty:          0 kB
Private_Clean:         0 kB
Private_Dirty:         4 kB
Referenced:            4 kB
Anonymous:             4 kB
AnonHugePages:         0 kB
Swap:                  0 kB
KernelPageSize:        4 kB
MMUPageSize:           4 kB
Locked:                0 kB
VmFlags: rd mr mw me ac 
7fe3cd4f1000-7fe3cd4f6000 rw-p 00136000 08:04 5001141                    /usr/lib64/libX11.so.6.3.0
Size:                 20 kB
Rss:                  20 kB
Pss:                  20 kB
Shared_Clean:          0 kB
Shared_Dirty:          0 kB
Private_Clean:         0 kB
Private_Dirty:        20 kB
Referenced:           20 kB
Anonymous:            20 kB
AnonHugePages:         0 kB
Swap:                  0 kB
KernelPageSize:        4 kB
MMUPageSize:           4 kB
Locked:                0 kB
VmFlags: rd wr mr mw me ac 
7fe3cd4f6000-7fe3cd51d000 r-xp 00000000 08:04 14472491                   /lib64/ld-2.28.so
Size:                156 kB
Rss:                 156 kB
Pss:                   2 kB
Shared_Clean:        156 kB
Shared_Dirty:          0 kB
Private_Clean:         0 kB
Private_Dirty:         0 kB
Referenced:          156 kB
Anonymous:             0 kB
AnonHugePages:         0 kB
Swap:                  0 kB
KernelPageSize:        4 kB
MMUPageSize:           4 kB
Locked:                0 kB
VmFlags: rd ex mr mw me dw 
7fe3cd6fe000-7fe3cd702000 rw-p 00000000 00:00 0 
Size:                 16 kB
Rss:                  16 kB
Pss:                  16 kB
Shared_Clean:          0 kB
Shared_Dirty:          0 kB
Private_Clean:         0 kB
Private_Dirty:        16 kB
Referenced:           16 kB
Anonymous:            16 kB
AnonHugePages:         0 kB
Swap:                  0 kB
KernelPageSize:        4 kB
MMUPageSize:           4 kB
Locked:                0 kB
VmFlags: rd wr mr mw me ac 
7fe3cd71c000-7fe3cd71d000 r--p 00026000 08:04 14472491                   /lib64/ld-2.28.so
Size:                  4 kB
Rss:                   4 kB
Pss:                   4 kB
Shared_Clean:          0 kB
Shared_Dirty:          0 kB
Private_Clean:         0 kB
Private_Dirty:         4 kB
Referenced:            4 kB
Anonymous:             4 kB
AnonHugePages:         0 kB
Swap:                  0 kB
KernelPageSize:        4 kB
MMUPageSize:           4 kB
Locked:                0 kB
VmFlags: rd mr mw me dw ac 
7fe3cd71d000-7fe3cd71e000 rw-p 00027000 08:04 14472491                   /lib64/ld-2.28.so
Size:                  4 kB
Rss:                   4 kB
Pss:                   4 kB
Shared_Clean:          0 kB
Shared_Dirty:          0 kB
Private_Clean:         0 kB
Private_Dirty:         4 kB
Referenced:            0 kB
Anonymous:             4 kB
AnonHugePages:         0 kB
Swap:                  0 kB
KernelPageSize:        4 kB
MMUPageSize:           4 kB
Locked:                0 kB
VmFlags: rd wr mr mw me dw ac 
7fe3cd71e000-7fe3cd71f000 rw-p 00000000 00:00 0 
Size:                  4 kB
Rss:                   4 kB
Pss:                   4 kB
Shared_Clean:          0 kB
Shared_Dirty:          0 kB
Private_Clean:         0 kB
Private_Dirty:         4 kB
Referenced:            4 kB
Anonymous:             4 kB
AnonHugePages:         0 kB
Swap:                  0 kB
KernelPageSize:        4 kB
MMUPageSize:           4 kB
Locked:                0 kB
VmFlags: rd wr mr mw me ac 
7ffe2e16c000-7ffe2e18d000 rw-p 00000000 00:00 0                          [stack]
Size:                136 kB
Rss:                  12 kB
Pss:                  12 kB
Shared_Clean:          0 kB
Shared_Dirty:          0 kB
Private_Clean:         0 kB
Private_Dirty:        12 kB
Referenced:            8 kB
Anonymous:            12 kB
AnonHugePages:         0 kB
Swap:                  0 kB
KernelPageSize:        4 kB
MMUPageSize:           4 kB
Locked:                0 kB
VmFlags: rd wr mr mw me gd ac 
7ffe2e1b5000-7ffe2e1b7000 r--p 00000000 00:00 0                          [vvar]
Size:                  8 kB
Rss:                   0 kB
Pss:                   0 kB
Shared_Clean:          0 kB
Shared_Dirty:          0 kB
Private_Clean:         0 kB
Private_Dirty:         0 kB
Referenced:            0 kB
Anonymous:             0 kB
AnonHugePages:         0 kB
Swap:                  0 kB
KernelPageSize:        4 kB
MMUPageSize:           4 kB
Locked:                0 kB
VmFlags: rd mr pf io de dd 
7ffe2e1b7000-7ffe2e1b9000 r-xp 00000000 00:00 0                          [vdso]
Size:                  8 kB
Rss:                   4 kB
Pss:                   0 kB
Shared_Clean:          4 kB
Shared_Dirty:          0 kB
Private_Clean:         0 kB
Private_Dirty:         0 kB
Referenced:            4 kB
Anonymous:             0 kB
AnonHugePages:         0 kB
Swap:                  0 kB
KernelPageSize:        4 kB
MMUPageSize:           4 kB
Locked:                0 kB
VmFlags: rd ex mr mw me de 
ffffffffff600000-ffffffffff601000 r-xp 00000000 00:00 0                  [vsyscall]
Size:                  4 kB
Rss:                   0 kB
Pss:                   0 kB
Shared_Clean:          0 kB
Shared_Dirty:          0 kB
Private_Clean:         0 kB
Private_Dirty:         0 kB
Referenced:            0 kB
Anonymous:             0 kB
AnonHugePages:         0 kB
Swap:                  0 kB
KernelPageSize:        4 kB
MMUPageSize:           4 kB
Locked:                0 kB
VmFlags: rd ex 
