00400000-00613000 r-xp 00000000 08:04 15606557                           /usr/bin/Xorg
Size:               2124 kB
Rss:                 844 kB
Pss:                 844 kB
Shared_Clean:          0 kB
Shared_Dirty:          0 kB
Private_Clean:       844 kB
Private_Dirty:         0 kB
Referenced:          832 kB
Anonymous:             0 kB
AnonHugePages:         0 kB
Swap:                  0 kB
KernelPageSize:        4 kB
MMUPageSize:           4 kB
Locked:                0 kB
VmFlags: rd ex mr mw me dw 
00813000-00816000 r--p 00213000 08:04 15606557                           /usr/bin/Xorg
Size:                 12 kB
Rss:                   8 kB
Pss:                   8 kB
Shared_Clean:          0 kB
Shared_Dirty:          0 kB
Private_Clean:         4 kB
Private_Dirty:         4 kB
Referenced:            8 kB
Anonymous:             4 kB
AnonHugePages:         0 kB
Swap:                  0 kB
KernelPageSize:        4 kB
MMUPageSize:           4 kB
Locked:                0 kB
VmFlags: rd mr mw me dw ac 
00816000-00820000 rw-p 00216000 08:04 15606557                           /usr/bin/Xorg
Size:                 40 kB
Rss:                  28 kB
Pss:                  28 kB
Shared_Clean:          0 kB
Shared_Dirty:          0 kB
Private_Clean:         0 kB
Private_Dirty:        28 kB
Referenced:           28 kB
Anonymous:            28 kB
AnonHugePages:         0 kB
Swap:                  0 kB
KernelPageSize:        4 kB
MMUPageSize:           4 kB
Locked:                0 kB
VmFlags: rd wr mr mw me dw ac 
00820000-0111e000 rw-p 00000000 00:00 0                                  [heap]
Size:               9208 kB
Rss:                8732 kB
Pss:                8732 kB
Shared_Clean:          0 kB
Shared_Dirty:          0 kB
Private_Clean:         0 kB
Private_Dirty:      8732 kB
Referenced:         7908 kB
Anonymous:          8732 kB
AnonHugePages:         0 kB
Swap:                  0 kB
KernelPageSize:        4 kB
MMUPageSize:           4 kB
Locked:                0 kB
VmFlags: rd wr mr mw me ac 
7f3fcde3c000-7f3fcdf62000 rw-s 00000000 00:05 119683                     /drm mm object (deleted)
Size:               1176 kB
Rss:                1176 kB
Pss:                 588 kB
Shared_Clean:          0 kB
Shared_Dirty:       1176 kB
Private_Clean:         0 kB
Private_Dirty:         0 kB
Referenced:         1176 kB
Anonymous:             0 kB
AnonHugePages:         0 kB
Swap:                  0 kB
KernelPageSize:        4 kB
MMUPageSize:           4 kB
Locked:                0 kB
VmFlags: rd wr sh mr mw me ms 
7f3fcdf62000-7f3fce09a000 rw-s 00000000 00:05 119655                     /drm mm object (deleted)
Size:               1248 kB
Rss:                1176 kB
Pss:                1176 kB
Shared_Clean:          0 kB
Shared_Dirty:          0 kB
Private_Clean:         0 kB
Private_Dirty:      1176 kB
Referenced:         1176 kB
Anonymous:             0 kB
AnonHugePages:         0 kB
Swap:                  0 kB
KernelPageSize:        4 kB
MMUPageSize:           4 kB
Locked:                0 kB
VmFlags: rd wr sh mr mw me ms 
7f3fce09a000-7f3fce49b000 rw-s 00000000 00:05 119654                     /drm mm object (deleted)
Size:               4100 kB
Rss:                4100 kB
Pss:                4100 kB
Shared_Clean:          0 kB
Shared_Dirty:          0 kB
Private_Clean:         0 kB
Private_Dirty:      4100 kB
Referenced:         4100 kB
Anonymous:             0 kB
AnonHugePages:         0 kB
Swap:                  0 kB
KernelPageSize:        4 kB
MMUPageSize:           4 kB
Locked:                0 kB
VmFlags: rd wr sh mr mw me ms 
7f3fce49b000-7f3fce6c3000 rw-s 00000000 00:05 119646                     /drm mm object (deleted)
Size:               2208 kB
Rss:                1176 kB
Pss:                1176 kB
Shared_Clean:          0 kB
Shared_Dirty:          0 kB
Private_Clean:         0 kB
Private_Dirty:      1176 kB
Referenced:         1176 kB
Anonymous:             0 kB
AnonHugePages:         0 kB
Swap:                  0 kB
KernelPageSize:        4 kB
MMUPageSize:           4 kB
Locked:                0 kB
VmFlags: rd wr sh mr mw me ms 
7f3fce6c3000-7f3fce7e9000 rw-s 00000000 00:05 121374                     /drm mm object (deleted)
Size:               1176 kB
Rss:                1176 kB
Pss:                 588 kB
Shared_Clean:          0 kB
Shared_Dirty:       1176 kB
Private_Clean:         0 kB
Private_Dirty:         0 kB
Referenced:         1176 kB
Anonymous:             0 kB
AnonHugePages:         0 kB
Swap:                  0 kB
KernelPageSize:        4 kB
MMUPageSize:           4 kB
Locked:                0 kB
VmFlags: rd wr sh mr mw me ms 
7f3fce7e9000-7f3fce90f000 rw-s 00000000 00:05 119683                     /drm mm object (deleted)
Size:               1176 kB
Rss:                1176 kB
Pss:                 588 kB
Shared_Clean:          0 kB
Shared_Dirty:       1176 kB
Private_Clean:         0 kB
Private_Dirty:         0 kB
Referenced:         1176 kB
Anonymous:             0 kB
AnonHugePages:         0 kB
Swap:                  0 kB
KernelPageSize:        4 kB
MMUPageSize:           4 kB
Locked:                0 kB
VmFlags: rd wr sh mr mw me ms 
7f3fce90f000-7f3fcea35000 rw-s 00000000 00:05 121374                     /drm mm object (deleted)
Size:               1176 kB
Rss:                1176 kB
Pss:                 588 kB
Shared_Clean:          0 kB
Shared_Dirty:       1176 kB
Private_Clean:         0 kB
Private_Dirty:         0 kB
Referenced:         1176 kB
Anonymous:             0 kB
AnonHugePages:         0 kB
Swap:                  0 kB
KernelPageSize:        4 kB
MMUPageSize:           4 kB
Locked:                0 kB
VmFlags: rd wr sh mr mw me ms 
7f3fcea35000-7f3fcee36000 rw-s 00000000 00:05 119516                     /drm mm object (deleted)
Size:               4100 kB
Rss:                4100 kB
Pss:                4100 kB
Shared_Clean:          0 kB
Shared_Dirty:          0 kB
Private_Clean:         0 kB
Private_Dirty:      4100 kB
Referenced:         4100 kB
Anonymous:             0 kB
AnonHugePages:         0 kB
Swap:                  0 kB
KernelPageSize:        4 kB
MMUPageSize:           4 kB
Locked:                0 kB
VmFlags: rd wr sh mr mw me ms 
7f3fcee36000-7f3fcf237000 rw-s 00000000 00:05 114577                     /drm mm object (deleted)
Size:               4100 kB
Rss:                4100 kB
Pss:                4100 kB
Shared_Clean:          0 kB
Shared_Dirty:          0 kB
Private_Clean:         0 kB
Private_Dirty:      4100 kB
Referenced:         4100 kB
Anonymous:             0 kB
AnonHugePages:         0 kB
Swap:                  0 kB
KernelPageSize:        4 kB
MMUPageSize:           4 kB
Locked:                0 kB
VmFlags: rd wr sh mr mw me ms 
7f3fcf237000-7f3fcf638000 rw-s 00000000 00:05 102092                     /drm mm object (deleted)
Size:               4100 kB
Rss:                4100 kB
Pss:                4100 kB
Shared_Clean:          0 kB
Shared_Dirty:          0 kB
Private_Clean:         0 kB
Private_Dirty:      4100 kB
Referenced:         4100 kB
Anonymous:             0 kB
AnonHugePages:         0 kB
Swap:                  0 kB
KernelPageSize:        4 kB
MMUPageSize:           4 kB
Locked:                0 kB
VmFlags: rd wr sh mr mw me ms 
7f3fcf6fc000-7f3fcf7c0000 rw-s 00000000 00:05 119583                     /drm mm object (deleted)
Size:                784 kB
Rss:                 784 kB
Pss:                 392 kB
Shared_Clean:          0 kB
Shared_Dirty:        784 kB
Private_Clean:         0 kB
Private_Dirty:         0 kB
Referenced:          784 kB
Anonymous:             0 kB
AnonHugePages:         0 kB
Swap:                  0 kB
KernelPageSize:        4 kB
MMUPageSize:           4 kB
Locked:                0 kB
VmFlags: rd wr sh mr mw me ms 
7f3fcf7c0000-7f3fd0000000 rw-s 00000000 00:05 2327                       /drm mm object (deleted)
Size:               8448 kB
Rss:                  64 kB
Pss:                  64 kB
Shared_Clean:          0 kB
Shared_Dirty:          0 kB
Private_Clean:        64 kB
Private_Dirty:         0 kB
Referenced:            4 kB
Anonymous:             0 kB
AnonHugePages:         0 kB
Swap:                  0 kB
KernelPageSize:        4 kB
MMUPageSize:           4 kB
Locked:                0 kB
VmFlags: rd wr sh mr mw me ms 
7f3fd0000000-7f3fd0021000 rw-p 00000000 00:00 0 
Size:                132 kB
Rss:                   8 kB
Pss:                   8 kB
Shared_Clean:          0 kB
Shared_Dirty:          0 kB
Private_Clean:         0 kB
Private_Dirty:         8 kB
Referenced:            4 kB
Anonymous:             8 kB
AnonHugePages:         0 kB
Swap:                  0 kB
KernelPageSize:        4 kB
MMUPageSize:           4 kB
Locked:                0 kB
VmFlags: rd wr mr mw me nr 
7f3fd0021000-7f3fd4000000 ---p 00000000 00:00 0 
Size:              65404 kB
Rss:                   0 kB
Pss:                   0 kB
Shared_Clean:          0 kB
Shared_Dirty:          0 kB
Private_Clean:         0 kB
Private_Dirty:         0 kB
Referenced:            0 kB
Anonymous:             0 kB
AnonHugePages:         0 kB
Swap:                  0 kB
KernelPageSize:        4 kB
MMUPageSize:           4 kB
Locked:                0 kB
VmFlags: mr mw me nr 
7f3fd406b000-7f3fd446c000 rw-s 00000000 00:05 100042                     /drm mm object (deleted)
Size:               4100 kB
Rss:                4100 kB
Pss:                4100 kB
Shared_Clean:          0 kB
Shared_Dirty:          0 kB
Private_Clean:         0 kB
Private_Dirty:      4100 kB
Referenced:         4100 kB
Anonymous:             0 kB
AnonHugePages:         0 kB
Swap:                  0 kB
KernelPageSize:        4 kB
MMUPageSize:           4 kB
Locked:                0 kB
VmFlags: rd wr sh mr mw me ms 
7f3fd44c8000-7f3fd4694000 rw-s 00000000 00:05 122907                     /drm mm object (deleted)
Size:               1840 kB
Rss:                1224 kB
Pss:                1224 kB
Shared_Clean:          0 kB
Shared_Dirty:          0 kB
Private_Clean:         0 kB
Private_Dirty:      1224 kB
Referenced:         1224 kB
Anonymous:             0 kB
AnonHugePages:         0 kB
Swap:                  0 kB
KernelPageSize:        4 kB
MMUPageSize:           4 kB
Locked:                0 kB
VmFlags: rd wr sh mr mw me ms 
7f3fd4694000-7f3fd4a95000 rw-s 00000000 00:05 59973                      /drm mm object (deleted)
Size:               4100 kB
Rss:                4100 kB
Pss:                4100 kB
Shared_Clean:          0 kB
Shared_Dirty:          0 kB
Private_Clean:         0 kB
Private_Dirty:      4100 kB
Referenced:         4100 kB
Anonymous:             0 kB
AnonHugePages:         0 kB
Swap:                  0 kB
KernelPageSize:        4 kB
MMUPageSize:           4 kB
Locked:                0 kB
VmFlags: rd wr sh mr mw me ms 
7f3fd4a95000-7f3fd4e96000 rw-s 00000000 00:05 6264                       /drm mm object (deleted)
Size:               4100 kB
Rss:                4100 kB
Pss:                4100 kB
Shared_Clean:          0 kB
Shared_Dirty:          0 kB
Private_Clean:         0 kB
Private_Dirty:      4100 kB
Referenced:         4100 kB
Anonymous:             0 kB
AnonHugePages:         0 kB
Swap:                  0 kB
KernelPageSize:        4 kB
MMUPageSize:           4 kB
Locked:                0 kB
VmFlags: rd wr sh mr mw me ms 
7f3fd4e96000-7f3fd4fc8000 rw-s 00000000 00:05 121986                     /drm mm object (deleted)
Size:               1224 kB
Rss:                1224 kB
Pss:                 612 kB
Shared_Clean:          0 kB
Shared_Dirty:       1224 kB
Private_Clean:         0 kB
Private_Dirty:         0 kB
Referenced:         1224 kB
Anonymous:             0 kB
AnonHugePages:         0 kB
Swap:                  0 kB
KernelPageSize:        4 kB
MMUPageSize:           4 kB
Locked:                0 kB
VmFlags: rd wr sh mr mw me ms 
7f3fd4fc8000-7f3fd53c9000 rw-s 00000000 00:05 3741                       /drm mm object (deleted)
Size:               4100 kB
Rss:                4100 kB
Pss:                4100 kB
Shared_Clean:          0 kB
Shared_Dirty:          0 kB
Private_Clean:         0 kB
Private_Dirty:      4100 kB
Referenced:         4100 kB
Anonymous:             0 kB
AnonHugePages:         0 kB
Swap:                  0 kB
KernelPageSize:        4 kB
MMUPageSize:           4 kB
Locked:                0 kB
VmFlags: rd wr sh mr mw me ms 
7f3fd53e2000-7f3fd54a6000 rw-s 00000000 00:05 119583                     /drm mm object (deleted)
Size:                784 kB
Rss:                 784 kB
Pss:                 392 kB
Shared_Clean:          0 kB
Shared_Dirty:        784 kB
Private_Clean:         0 kB
Private_Dirty:         0 kB
Referenced:          784 kB
Anonymous:             0 kB
AnonHugePages:         0 kB
Swap:                  0 kB
KernelPageSize:        4 kB
MMUPageSize:           4 kB
Locked:                0 kB
VmFlags: rd wr sh mr mw me ms 
7f3fd556a000-7f3fd596b000 rw-s 00000000 00:05 57320                      /drm mm object (deleted)
Size:               4100 kB
Rss:                4100 kB
Pss:                4100 kB
Shared_Clean:          0 kB
Shared_Dirty:          0 kB
Private_Clean:         0 kB
Private_Dirty:      4100 kB
Referenced:         4100 kB
Anonymous:             0 kB
AnonHugePages:         0 kB
Swap:                  0 kB
KernelPageSize:        4 kB
MMUPageSize:           4 kB
Locked:                0 kB
VmFlags: rd wr sh mr mw me ms 
7f3fd59ef000-7f3fd5ab3000 rw-s 00000000 00:05 105352                     /drm mm object (deleted)
Size:                784 kB
Rss:                 784 kB
Pss:                 392 kB
Shared_Clean:          0 kB
Shared_Dirty:        784 kB
Private_Clean:         0 kB
Private_Dirty:         0 kB
Referenced:          784 kB
Anonymous:             0 kB
AnonHugePages:         0 kB
Swap:                  0 kB
KernelPageSize:        4 kB
MMUPageSize:           4 kB
Locked:                0 kB
VmFlags: rd wr sh mr mw me ms 
7f3fd5ab3000-7f3fd5b77000 rw-s 00000000 00:05 115349                     /drm mm object (deleted)
Size:                784 kB
Rss:                 784 kB
Pss:                 392 kB
Shared_Clean:          0 kB
Shared_Dirty:        784 kB
Private_Clean:         0 kB
Private_Dirty:         0 kB
Referenced:          784 kB
Anonymous:             0 kB
AnonHugePages:         0 kB
Swap:                  0 kB
KernelPageSize:        4 kB
MMUPageSize:           4 kB
Locked:                0 kB
VmFlags: rd wr sh mr mw me ms 
7f3fd5b77000-7f3fd5ca9000 rw-s 00000000 00:05 121986                     /drm mm object (deleted)
Size:               1224 kB
Rss:                1224 kB
Pss:                 612 kB
Shared_Clean:          0 kB
Shared_Dirty:       1224 kB
Private_Clean:         0 kB
Private_Dirty:         0 kB
Referenced:         1224 kB
Anonymous:             0 kB
AnonHugePages:         0 kB
Swap:                  0 kB
KernelPageSize:        4 kB
MMUPageSize:           4 kB
Locked:                0 kB
VmFlags: rd wr sh mr mw me ms 
7f3fd5ca9000-7f3fd5ce7000 rw-s 00000000 00:05 58837                      /drm mm object (deleted)
Size:                248 kB
Rss:                 248 kB
Pss:                 124 kB
Shared_Clean:          0 kB
Shared_Dirty:        248 kB
Private_Clean:         0 kB
Private_Dirty:         0 kB
Referenced:          248 kB
Anonymous:             0 kB
AnonHugePages:         0 kB
Swap:                  0 kB
KernelPageSize:        4 kB
MMUPageSize:           4 kB
Locked:                0 kB
VmFlags: rd wr sh mr mw me ms 
7f3fd5ce7000-7f3fd5d24000 rw-s 00000000 00:05 1935                       /drm mm object (deleted)
Size:                244 kB
Rss:                 236 kB
Pss:                 118 kB
Shared_Clean:          0 kB
Shared_Dirty:        236 kB
Private_Clean:         0 kB
Private_Dirty:         0 kB
Referenced:          236 kB
Anonymous:             0 kB
AnonHugePages:         0 kB
Swap:                  0 kB
KernelPageSize:        4 kB
MMUPageSize:           4 kB
Locked:                0 kB
VmFlags: rd wr sh mr mw me ms 
7f3fd5d24000-7f3fd5d61000 rw-s 00000000 00:05 1935                       /drm mm object (deleted)
Size:                244 kB
Rss:                 244 kB
Pss:                 126 kB
Shared_Clean:          0 kB
Shared_Dirty:        236 kB
Private_Clean:         0 kB
Private_Dirty:         8 kB
Referenced:          244 kB
Anonymous:             0 kB
AnonHugePages:         0 kB
Swap:                  0 kB
KernelPageSize:        4 kB
MMUPageSize:           4 kB
Locked:                0 kB
VmFlags: rd wr sh mr mw me ms 
7f3fd5d72000-7f3fd5e36000 rw-s 00000000 00:05 119944                     /drm mm object (deleted)
Size:                784 kB
Rss:                 784 kB
Pss:                 392 kB
Shared_Clean:          0 kB
Shared_Dirty:        784 kB
Private_Clean:         0 kB
Private_Dirty:         0 kB
Referenced:          784 kB
Anonymous:             0 kB
AnonHugePages:         0 kB
Swap:                  0 kB
KernelPageSize:        4 kB
MMUPageSize:           4 kB
Locked:                0 kB
VmFlags: rd wr sh mr mw me ms 
7f3fd5efa000-7f3fd5f34000 rw-s 00000000 00:05 6259                       /drm mm object (deleted)
Size:                232 kB
Rss:                 228 kB
Pss:                 114 kB
Shared_Clean:          0 kB
Shared_Dirty:        228 kB
Private_Clean:         0 kB
Private_Dirty:         0 kB
Referenced:          228 kB
Anonymous:             0 kB
AnonHugePages:         0 kB
Swap:                  0 kB
KernelPageSize:        4 kB
MMUPageSize:           4 kB
Locked:                0 kB
VmFlags: rd wr sh mr mw me ms 
7f3fd5f67000-7f3fd602b000 rw-s 00000000 00:05 119944                     /drm mm object (deleted)
Size:                784 kB
Rss:                 784 kB
Pss:                 392 kB
Shared_Clean:          0 kB
Shared_Dirty:        784 kB
Private_Clean:         0 kB
Private_Dirty:         0 kB
Referenced:          784 kB
Anonymous:             0 kB
AnonHugePages:         0 kB
Swap:                  0 kB
KernelPageSize:        4 kB
MMUPageSize:           4 kB
Locked:                0 kB
VmFlags: rd wr sh mr mw me ms 
7f3fd602b000-7f3fd615d000 rw-s 00000000 00:05 118630                     /drm mm object (deleted)
Size:               1224 kB
Rss:                1224 kB
Pss:                 612 kB
Shared_Clean:          0 kB
Shared_Dirty:       1224 kB
Private_Clean:         0 kB
Private_Dirty:         0 kB
Referenced:         1224 kB
Anonymous:             0 kB
AnonHugePages:         0 kB
Swap:                  0 kB
KernelPageSize:        4 kB
MMUPageSize:           4 kB
Locked:                0 kB
VmFlags: rd wr sh mr mw me ms 
7f3fd615d000-7f3fd6283000 rw-s 00000000 00:05 118632                     /drm mm object (deleted)
Size:               1176 kB
Rss:                1176 kB
Pss:                 588 kB
Shared_Clean:          0 kB
Shared_Dirty:       1176 kB
Private_Clean:         0 kB
Private_Dirty:         0 kB
Referenced:         1176 kB
Anonymous:             0 kB
AnonHugePages:         0 kB
Swap:                  0 kB
KernelPageSize:        4 kB
MMUPageSize:           4 kB
Locked:                0 kB
VmFlags: rd wr sh mr mw me ms 
7f3fd6283000-7f3fd63a9000 rw-s 00000000 00:05 118632                     /drm mm object (deleted)
Size:               1176 kB
Rss:                1176 kB
Pss:                 588 kB
Shared_Clean:          0 kB
Shared_Dirty:       1176 kB
Private_Clean:         0 kB
Private_Dirty:         0 kB
Referenced:         1176 kB
Anonymous:             0 kB
AnonHugePages:         0 kB
Swap:                  0 kB
KernelPageSize:        4 kB
MMUPageSize:           4 kB
Locked:                0 kB
VmFlags: rd wr sh mr mw me ms 
7f3fd63a9000-7f3fd67aa000 rw-s 00000000 00:05 4292                       /drm mm object (deleted)
Size:               4100 kB
Rss:                4100 kB
Pss:                4100 kB
Shared_Clean:          0 kB
Shared_Dirty:          0 kB
Private_Clean:         0 kB
Private_Dirty:      4100 kB
Referenced:         4100 kB
Anonymous:             0 kB
AnonHugePages:         0 kB
Swap:                  0 kB
KernelPageSize:        4 kB
MMUPageSize:           4 kB
Locked:                0 kB
VmFlags: rd wr sh mr mw me ms 
7f3fd67ab000-7f3fd67e9000 rw-s 00000000 00:05 58837                      /drm mm object (deleted)
Size:                248 kB
Rss:                 248 kB
Pss:                 124 kB
Shared_Clean:          0 kB
Shared_Dirty:        248 kB
Private_Clean:         0 kB
Private_Dirty:         0 kB
Referenced:          248 kB
Anonymous:             0 kB
AnonHugePages:         0 kB
Swap:                  0 kB
KernelPageSize:        4 kB
MMUPageSize:           4 kB
Locked:                0 kB
VmFlags: rd wr sh mr mw me ms 
7f3fd6829000-7f3fd6863000 rw-s 00000000 00:05 6259                       /drm mm object (deleted)
Size:                232 kB
Rss:                 232 kB
Pss:                 118 kB
Shared_Clean:          0 kB
Shared_Dirty:        228 kB
Private_Clean:         0 kB
Private_Dirty:         4 kB
Referenced:          232 kB
Anonymous:             0 kB
AnonHugePages:         0 kB
Swap:                  0 kB
KernelPageSize:        4 kB
MMUPageSize:           4 kB
Locked:                0 kB
VmFlags: rd wr sh mr mw me ms 
7f3fd6863000-7f3fd689d000 rw-s 00000000 00:05 5639                       /drm mm object (deleted)
Size:                232 kB
Rss:                 232 kB
Pss:                 116 kB
Shared_Clean:          0 kB
Shared_Dirty:        232 kB
Private_Clean:         0 kB
Private_Dirty:         0 kB
Referenced:          232 kB
Anonymous:             0 kB
AnonHugePages:         0 kB
Swap:                  0 kB
KernelPageSize:        4 kB
MMUPageSize:           4 kB
Locked:                0 kB
VmFlags: rd wr sh mr mw me ms 
7f3fd689d000-7f3fd68d5000 rw-s 00000000 00:05 1938                       /drm mm object (deleted)
Size:                224 kB
Rss:                 224 kB
Pss:                 112 kB
Shared_Clean:          0 kB
Shared_Dirty:        224 kB
Private_Clean:         0 kB
Private_Dirty:         0 kB
Referenced:          224 kB
Anonymous:             0 kB
AnonHugePages:         0 kB
Swap:                  0 kB
KernelPageSize:        4 kB
MMUPageSize:           4 kB
Locked:                0 kB
VmFlags: rd wr sh mr mw me ms 
7f3fd68d5000-7f3fd690d000 rw-s 00000000 00:05 1938                       /drm mm object (deleted)
Size:                224 kB
Rss:                 224 kB
Pss:                 112 kB
Shared_Clean:          0 kB
Shared_Dirty:        224 kB
Private_Clean:         0 kB
Private_Dirty:         0 kB
Referenced:          224 kB
Anonymous:             0 kB
AnonHugePages:         0 kB
Swap:                  0 kB
KernelPageSize:        4 kB
MMUPageSize:           4 kB
Locked:                0 kB
VmFlags: rd wr sh mr mw me ms 
7f3fd6930000-7f3fd696f000 rw-s 00000000 00:05 119783                     /drm mm object (deleted)
Size:                252 kB
Rss:                 196 kB
Pss:                  98 kB
Shared_Clean:          0 kB
Shared_Dirty:        196 kB
Private_Clean:         0 kB
Private_Dirty:         0 kB
Referenced:          196 kB
Anonymous:             0 kB
AnonHugePages:         0 kB
Swap:                  0 kB
KernelPageSize:        4 kB
MMUPageSize:           4 kB
Locked:                0 kB
VmFlags: rd wr sh mr mw me ms 
7f3fd696f000-7f3fd6a33000 rw-s 00000000 00:05 105352                     /drm mm object (deleted)
Size:                784 kB
Rss:                 784 kB
Pss:                 392 kB
Shared_Clean:          0 kB
Shared_Dirty:        784 kB
Private_Clean:         0 kB
Private_Dirty:         0 kB
Referenced:          784 kB
Anonymous:             0 kB
AnonHugePages:         0 kB
Swap:                  0 kB
KernelPageSize:        4 kB
MMUPageSize:           4 kB
Locked:                0 kB
VmFlags: rd wr sh mr mw me ms 
7f3fd6a33000-7f3fd6a72000 rw-s 00000000 00:05 103268                     /drm mm object (deleted)
Size:                252 kB
Rss:                 252 kB
Pss:                 126 kB
Shared_Clean:          0 kB
Shared_Dirty:        252 kB
Private_Clean:         0 kB
Private_Dirty:         0 kB
Referenced:          252 kB
Anonymous:             0 kB
AnonHugePages:         0 kB
Swap:                  0 kB
KernelPageSize:        4 kB
MMUPageSize:           4 kB
Locked:                0 kB
VmFlags: rd wr sh mr mw me ms 
7f3fd6a7f000-7f3fd6abe000 rw-s 00000000 00:05 119783                     /drm mm object (deleted)
Size:                252 kB
Rss:                 252 kB
Pss:                 154 kB
Shared_Clean:          0 kB
Shared_Dirty:        196 kB
Private_Clean:         0 kB
Private_Dirty:        56 kB
Referenced:          252 kB
Anonymous:             0 kB
AnonHugePages:         0 kB
Swap:                  0 kB
KernelPageSize:        4 kB
MMUPageSize:           4 kB
Locked:                0 kB
VmFlags: rd wr sh mr mw me ms 
7f3fd6abe000-7f3fd6afd000 rw-s 00000000 00:05 119782                     /drm mm object (deleted)
Size:                252 kB
Rss:                 184 kB
Pss:                  92 kB
Shared_Clean:          0 kB
Shared_Dirty:        184 kB
Private_Clean:         0 kB
Private_Dirty:         0 kB
Referenced:          184 kB
Anonymous:             0 kB
AnonHugePages:         0 kB
Swap:                  0 kB
KernelPageSize:        4 kB
MMUPageSize:           4 kB
Locked:                0 kB
VmFlags: rd wr sh mr mw me ms 
7f3fd6afd000-7f3fd6b3c000 rw-s 00000000 00:05 119782                     /drm mm object (deleted)
Size:                252 kB
Rss:                 252 kB
Pss:                 160 kB
Shared_Clean:          0 kB
Shared_Dirty:        184 kB
Private_Clean:         0 kB
Private_Dirty:        68 kB
Referenced:          252 kB
Anonymous:             0 kB
AnonHugePages:         0 kB
Swap:                  0 kB
KernelPageSize:        4 kB
MMUPageSize:           4 kB
Locked:                0 kB
VmFlags: rd wr sh mr mw me ms 
7f3fd6b3c000-7f3fd6b7b000 rw-s 00000000 00:05 103268                     /drm mm object (deleted)
Size:                252 kB
Rss:                 252 kB
Pss:                 126 kB
Shared_Clean:          0 kB
Shared_Dirty:        252 kB
Private_Clean:         0 kB
Private_Dirty:         0 kB
Referenced:          252 kB
Anonymous:             0 kB
AnonHugePages:         0 kB
Swap:                  0 kB
KernelPageSize:        4 kB
MMUPageSize:           4 kB
Locked:                0 kB
VmFlags: rd wr sh mr mw me ms 
7f3fd6b7b000-7f3fd6bba000 rw-s 00000000 00:05 98958                      /drm mm object (deleted)
Size:                252 kB
Rss:                 252 kB
Pss:                 126 kB
Shared_Clean:          0 kB
Shared_Dirty:        252 kB
Private_Clean:         0 kB
Private_Dirty:         0 kB
Referenced:          252 kB
Anonymous:             0 kB
AnonHugePages:         0 kB
Swap:                  0 kB
KernelPageSize:        4 kB
MMUPageSize:           4 kB
Locked:                0 kB
VmFlags: rd wr sh mr mw me ms 
7f3fd6bba000-7f3fd6bfa000 rw-s 00000000 00:05 123013                     /drm mm object (deleted)
Size:                256 kB
Rss:                   8 kB
Pss:                   4 kB
Shared_Clean:          0 kB
Shared_Dirty:          8 kB
Private_Clean:         0 kB
Private_Dirty:         0 kB
Referenced:            8 kB
Anonymous:             0 kB
AnonHugePages:         0 kB
Swap:                  0 kB
KernelPageSize:        4 kB
MMUPageSize:           4 kB
Locked:                0 kB
VmFlags: rd wr sh mr mw me ms 
7f3fd6bfa000-7f3fd6c19000 rw-s 00000000 00:05 2455                       /drm mm object (deleted)
Size:                124 kB
Rss:                 124 kB
Pss:                  62 kB
Shared_Clean:          0 kB
Shared_Dirty:        124 kB
Private_Clean:         0 kB
Private_Dirty:         0 kB
Referenced:          124 kB
Anonymous:             0 kB
AnonHugePages:         0 kB
Swap:                  0 kB
KernelPageSize:        4 kB
MMUPageSize:           4 kB
Locked:                0 kB
VmFlags: rd wr sh mr mw me ms 
7f3fd6c19000-7f3fd6c38000 rw-s 00000000 00:05 2455                       /drm mm object (deleted)
Size:                124 kB
Rss:                 124 kB
Pss:                  62 kB
Shared_Clean:          0 kB
Shared_Dirty:        124 kB
Private_Clean:         0 kB
Private_Dirty:         0 kB
Referenced:          124 kB
Anonymous:             0 kB
AnonHugePages:         0 kB
Swap:                  0 kB
KernelPageSize:        4 kB
MMUPageSize:           4 kB
Locked:                0 kB
VmFlags: rd wr sh mr mw me ms 
7f3fd6c3a000-7f3fd6c59000 rw-s 00000000 00:05 3071                       /drm mm object (deleted)
Size:                124 kB
Rss:                 124 kB
Pss:                  62 kB
Shared_Clean:          0 kB
Shared_Dirty:        124 kB
Private_Clean:         0 kB
Private_Dirty:         0 kB
Referenced:          124 kB
Anonymous:             0 kB
AnonHugePages:         0 kB
Swap:                  0 kB
KernelPageSize:        4 kB
MMUPageSize:           4 kB
Locked:                0 kB
VmFlags: rd wr sh mr mw me ms 
7f3fd6c69000-7f3fd6ca3000 rw-s 00000000 00:05 5639                       /drm mm object (deleted)
Size:                232 kB
Rss:                 232 kB
Pss:                 116 kB
Shared_Clean:          0 kB
Shared_Dirty:        232 kB
Private_Clean:         0 kB
Private_Dirty:         0 kB
Referenced:          232 kB
Anonymous:             0 kB
AnonHugePages:         0 kB
Swap:                  0 kB
KernelPageSize:        4 kB
MMUPageSize:           4 kB
Locked:                0 kB
VmFlags: rd wr sh mr mw me ms 
7f3fd6ca3000-7f3fd6cb2000 rw-s 00000000 00:05 1813                       /drm mm object (deleted)
Size:                 60 kB
Rss:                  60 kB
Pss:                  30 kB
Shared_Clean:          0 kB
Shared_Dirty:         60 kB
Private_Clean:         0 kB
Private_Dirty:         0 kB
Referenced:           60 kB
Anonymous:             0 kB
AnonHugePages:         0 kB
Swap:                  0 kB
KernelPageSize:        4 kB
MMUPageSize:           4 kB
Locked:                0 kB
VmFlags: rd wr sh mr mw me ms 
7f3fd6cc2000-7f3fd6cd1000 rw-s 00000000 00:05 1813                       /drm mm object (deleted)
Size:                 60 kB
Rss:                  60 kB
Pss:                  30 kB
Shared_Clean:          0 kB
Shared_Dirty:         60 kB
Private_Clean:         0 kB
Private_Dirty:         0 kB
Referenced:           60 kB
Anonymous:             0 kB
AnonHugePages:         0 kB
Swap:                  0 kB
KernelPageSize:        4 kB
MMUPageSize:           4 kB
Locked:                0 kB
VmFlags: rd wr sh mr mw me ms 
7f3fd6ce2000-7f3fd6d01000 rw-s 00000000 00:05 3071                       /drm mm object (deleted)
Size:                124 kB
Rss:                 124 kB
Pss:                  62 kB
Shared_Clean:          0 kB
Shared_Dirty:        124 kB
Private_Clean:         0 kB
Private_Dirty:         0 kB
Referenced:          124 kB
Anonymous:             0 kB
AnonHugePages:         0 kB
Swap:                  0 kB
KernelPageSize:        4 kB
MMUPageSize:           4 kB
Locked:                0 kB
VmFlags: rd wr sh mr mw me ms 
7f3fd6d0a000-7f3fd6d4a000 rw-s 00000000 00:05 99997                      /drm mm object (deleted)
Size:                256 kB
Rss:                 256 kB
Pss:                 128 kB
Shared_Clean:          0 kB
Shared_Dirty:        256 kB
Private_Clean:         0 kB
Private_Dirty:         0 kB
Referenced:          256 kB
Anonymous:             0 kB
AnonHugePages:         0 kB
Swap:                  0 kB
KernelPageSize:        4 kB
MMUPageSize:           4 kB
Locked:                0 kB
VmFlags: rd wr sh mr mw me ms 
7f3fd6d4a000-7f3fd6d69000 rw-s 00000000 00:05 4214                       /drm mm object (deleted)
Size:                124 kB
Rss:                 124 kB
Pss:                  62 kB
Shared_Clean:          0 kB
Shared_Dirty:        124 kB
Private_Clean:         0 kB
Private_Dirty:         0 kB
Referenced:          124 kB
Anonymous:             0 kB
AnonHugePages:         0 kB
Swap:                  0 kB
KernelPageSize:        4 kB
MMUPageSize:           4 kB
Locked:                0 kB
VmFlags: rd wr sh mr mw me ms 
7f3fd6d84000-7f3fd6d8a000 rw-s 00000000 00:05 5641                       /drm mm object (deleted)
Size:                 24 kB
Rss:                  16 kB
Pss:                   8 kB
Shared_Clean:          0 kB
Shared_Dirty:         16 kB
Private_Clean:         0 kB
Private_Dirty:         0 kB
Referenced:           16 kB
Anonymous:             0 kB
AnonHugePages:         0 kB
Swap:                  0 kB
KernelPageSize:        4 kB
MMUPageSize:           4 kB
Locked:                0 kB
VmFlags: rd wr sh mr mw me ms 
7f3fd6d96000-7f3fd6da4000 rw-s 00000000 00:05 2453                       /drm mm object (deleted)
Size:                 56 kB
Rss:                  56 kB
Pss:                  28 kB
Shared_Clean:          0 kB
Shared_Dirty:         56 kB
Private_Clean:         0 kB
Private_Dirty:         0 kB
Referenced:           56 kB
Anonymous:             0 kB
AnonHugePages:         0 kB
Swap:                  0 kB
KernelPageSize:        4 kB
MMUPageSize:           4 kB
Locked:                0 kB
VmFlags: rd wr sh mr mw me ms 
7f3fd6da5000-7f3fd6db4000 rw-s 00000000 00:05 6179                       /drm mm object (deleted)
Size:                 60 kB
Rss:                  60 kB
Pss:                  30 kB
Shared_Clean:          0 kB
Shared_Dirty:         60 kB
Private_Clean:         0 kB
Private_Dirty:         0 kB
Referenced:           60 kB
Anonymous:             0 kB
AnonHugePages:         0 kB
Swap:                  0 kB
KernelPageSize:        4 kB
MMUPageSize:           4 kB
Locked:                0 kB
VmFlags: rd wr sh mr mw me ms 
7f3fd6db4000-7f3fd6dc3000 rw-s 00000000 00:05 6179                       /drm mm object (deleted)
Size:                 60 kB
Rss:                  60 kB
Pss:                  30 kB
Shared_Clean:          0 kB
Shared_Dirty:         60 kB
Private_Clean:         0 kB
Private_Dirty:         0 kB
Referenced:           60 kB
Anonymous:             0 kB
AnonHugePages:         0 kB
Swap:                  0 kB
KernelPageSize:        4 kB
MMUPageSize:           4 kB
Locked:                0 kB
VmFlags: rd wr sh mr mw me ms 
7f3fd6dca000-7f3fd6ddc000 rw-s 00000000 00:05 4298                       /drm mm object (deleted)
Size:                 72 kB
Rss:                  72 kB
Pss:                  72 kB
Shared_Clean:          0 kB
Shared_Dirty:          0 kB
Private_Clean:         0 kB
Private_Dirty:        72 kB
Referenced:           72 kB
Anonymous:             0 kB
AnonHugePages:         0 kB
Swap:                  0 kB
KernelPageSize:        4 kB
MMUPageSize:           4 kB
Locked:                0 kB
VmFlags: rd wr sh mr mw me ms 
7f3fd6e18000-7f3fd6e37000 rw-s 00000000 00:05 4214                       /drm mm object (deleted)
Size:                124 kB
Rss:                 124 kB
Pss:                  62 kB
Shared_Clean:          0 kB
Shared_Dirty:        124 kB
Private_Clean:         0 kB
Private_Dirty:         0 kB
Referenced:          124 kB
Anonymous:             0 kB
AnonHugePages:         0 kB
Swap:                  0 kB
KernelPageSize:        4 kB
MMUPageSize:           4 kB
Locked:                0 kB
VmFlags: rd wr sh mr mw me ms 
7f3fd6e38000-7f3fd6e3e000 rw-s 00000000 00:05 4606                       /drm mm object (deleted)
Size:                 24 kB
Rss:                  20 kB
Pss:                  20 kB
Shared_Clean:          0 kB
Shared_Dirty:          0 kB
Private_Clean:         0 kB
Private_Dirty:        20 kB
Referenced:           20 kB
Anonymous:             0 kB
AnonHugePages:         0 kB
Swap:                  0 kB
KernelPageSize:        4 kB
MMUPageSize:           4 kB
Locked:                0 kB
VmFlags: rd wr sh mr mw me ms 
7f3fd6e45000-7f3fd6e72000 rw-s 00000000 00:05 4296                       /drm mm object (deleted)
Size:                180 kB
Rss:                 180 kB
Pss:                  90 kB
Shared_Clean:          0 kB
Shared_Dirty:        180 kB
Private_Clean:         0 kB
Private_Dirty:         0 kB
Referenced:          180 kB
Anonymous:             0 kB
AnonHugePages:         0 kB
Swap:                  0 kB
KernelPageSize:        4 kB
MMUPageSize:           4 kB
Locked:                0 kB
VmFlags: rd wr sh mr mw me ms 
7f3fd6e78000-7f3fd6eae000 rw-s 00000000 00:05 122897                     /drm mm object (deleted)
Size:                216 kB
Rss:                 172 kB
Pss:                  86 kB
Shared_Clean:          0 kB
Shared_Dirty:        172 kB
Private_Clean:         0 kB
Private_Dirty:         0 kB
Referenced:          172 kB
Anonymous:             0 kB
AnonHugePages:         0 kB
Swap:                  0 kB
KernelPageSize:        4 kB
MMUPageSize:           4 kB
Locked:                0 kB
VmFlags: rd wr sh mr mw me ms 
7f3fd6eae000-7f3fd6ebc000 rw-s 00000000 00:05 2453                       /drm mm object (deleted)
Size:                 56 kB
Rss:                  56 kB
Pss:                  28 kB
Shared_Clean:          0 kB
Shared_Dirty:         56 kB
Private_Clean:         0 kB
Private_Dirty:         0 kB
Referenced:           56 kB
Anonymous:             0 kB
AnonHugePages:         0 kB
Swap:                  0 kB
KernelPageSize:        4 kB
MMUPageSize:           4 kB
Locked:                0 kB
VmFlags: rd wr sh mr mw me ms 
7f3fd6ec0000-7f3fd6eed000 rw-s 00000000 00:05 4296                       /drm mm object (deleted)
Size:                180 kB
Rss:                 180 kB
Pss:                  90 kB
Shared_Clean:          0 kB
Shared_Dirty:        180 kB
Private_Clean:         0 kB
Private_Dirty:         0 kB
Referenced:          180 kB
Anonymous:             0 kB
AnonHugePages:         0 kB
Swap:                  0 kB
KernelPageSize:        4 kB
MMUPageSize:           4 kB
Locked:                0 kB
VmFlags: rd wr sh mr mw me ms 
7f3fd6eed000-7f3fd6f0b000 rw-s 00000000 00:05 1609                       /drm mm object (deleted)
Size:                120 kB
Rss:                 120 kB
Pss:                  60 kB
Shared_Clean:          0 kB
Shared_Dirty:        120 kB
Private_Clean:         0 kB
Private_Dirty:         0 kB
Referenced:          120 kB
Anonymous:             0 kB
AnonHugePages:         0 kB
Swap:                  0 kB
KernelPageSize:        4 kB
MMUPageSize:           4 kB
Locked:                0 kB
VmFlags: rd wr sh mr mw me ms 
7f3fd6f0b000-7f3fd730c000 rw-s 00000000 00:05 2351                       /drm mm object (deleted)
Size:               4100 kB
Rss:                4100 kB
Pss:                4100 kB
Shared_Clean:          0 kB
Shared_Dirty:          0 kB
Private_Clean:         0 kB
Private_Dirty:      4100 kB
Referenced:         4100 kB
Anonymous:             0 kB
AnonHugePages:         0 kB
Swap:                  0 kB
KernelPageSize:        4 kB
MMUPageSize:           4 kB
Locked:                0 kB
VmFlags: rd wr sh mr mw me ms 
7f3fd730c000-7f3fd7323000 rw-s 00000000 00:05 2344                       /drm mm object (deleted)
Size:                 92 kB
Rss:                  92 kB
Pss:                  46 kB
Shared_Clean:          0 kB
Shared_Dirty:         92 kB
Private_Clean:         0 kB
Private_Dirty:         0 kB
Referenced:           92 kB
Anonymous:             0 kB
AnonHugePages:         0 kB
Swap:                  0 kB
KernelPageSize:        4 kB
MMUPageSize:           4 kB
Locked:                0 kB
VmFlags: rd wr sh mr mw me ms 
7f3fd732f000-7f3fd733d000 rw-s 00000000 00:05 2363                       /drm mm object (deleted)
Size:                 56 kB
Rss:                  56 kB
Pss:                  56 kB
Shared_Clean:          0 kB
Shared_Dirty:          0 kB
Private_Clean:         0 kB
Private_Dirty:        56 kB
Referenced:           56 kB
Anonymous:             0 kB
AnonHugePages:         0 kB
Swap:                  0 kB
KernelPageSize:        4 kB
MMUPageSize:           4 kB
Locked:                0 kB
VmFlags: rd wr sh mr mw me ms 
7f3fd734a000-7f3fd7358000 rw-s 00000000 00:05 2355                       /drm mm object (deleted)
Size:                 56 kB
Rss:                  56 kB
Pss:                  28 kB
Shared_Clean:          0 kB
Shared_Dirty:         56 kB
Private_Clean:         0 kB
Private_Dirty:         0 kB
Referenced:           56 kB
Anonymous:             0 kB
AnonHugePages:         0 kB
Swap:                  0 kB
KernelPageSize:        4 kB
MMUPageSize:           4 kB
Locked:                0 kB
VmFlags: rd wr sh mr mw me ms 
7f3fd7358000-7f3fd736e000 rw-s 00000000 00:05 2346                       /drm mm object (deleted)
Size:                 88 kB
Rss:                  16 kB
Pss:                   8 kB
Shared_Clean:          0 kB
Shared_Dirty:         16 kB
Private_Clean:         0 kB
Private_Dirty:         0 kB
Referenced:           16 kB
Anonymous:             0 kB
AnonHugePages:         0 kB
Swap:                  0 kB
KernelPageSize:        4 kB
MMUPageSize:           4 kB
Locked:                0 kB
VmFlags: rd wr sh mr mw me ms 
7f3fd7373000-7f3fd7391000 rw-s 00000000 00:05 1609                       /drm mm object (deleted)
Size:                120 kB
Rss:                 120 kB
Pss:                  60 kB
Shared_Clean:          0 kB
Shared_Dirty:        120 kB
Private_Clean:         0 kB
Private_Dirty:         0 kB
Referenced:          120 kB
Anonymous:             0 kB
AnonHugePages:         0 kB
Swap:                  0 kB
KernelPageSize:        4 kB
MMUPageSize:           4 kB
Locked:                0 kB
VmFlags: rd wr sh mr mw me ms 
7f3fd739a000-7f3fd73a0000 rw-s 00000000 00:05 5641                       /drm mm object (deleted)
Size:                 24 kB
Rss:                  24 kB
Pss:                  16 kB
Shared_Clean:          0 kB
Shared_Dirty:         16 kB
Private_Clean:         0 kB
Private_Dirty:         8 kB
Referenced:           24 kB
Anonymous:             0 kB
AnonHugePages:         0 kB
Swap:                  0 kB
KernelPageSize:        4 kB
MMUPageSize:           4 kB
Locked:                0 kB
VmFlags: rd wr sh mr mw me ms 
7f3fd73a0000-7f3fd7be0000 rw-s 100824000 00:06 2108                      /dev/dri/card0
Size:               8448 kB
Rss:                   0 kB
Pss:                   0 kB
Shared_Clean:          0 kB
Shared_Dirty:          0 kB
Private_Clean:         0 kB
Private_Dirty:         0 kB
Referenced:            0 kB
Anonymous:             0 kB
AnonHugePages:         0 kB
Swap:                  0 kB
KernelPageSize:        4 kB
MMUPageSize:           4 kB
Locked:                0 kB
VmFlags: rd wr sh mr mw me ms pf io de dd 
7f3fd7be6000-7f3fd7c04000 rw-s 00000000 00:05 119645                     /drm mm object (deleted)
Size:                120 kB
Rss:                  92 kB
Pss:                  46 kB
Shared_Clean:          0 kB
Shared_Dirty:         92 kB
Private_Clean:         0 kB
Private_Dirty:         0 kB
Referenced:           92 kB
Anonymous:             0 kB
AnonHugePages:         0 kB
Swap:                  0 kB
KernelPageSize:        4 kB
MMUPageSize:           4 kB
Locked:                0 kB
VmFlags: rd wr sh mr mw me ms 
7f3fd7c04000-7f3fd7c44000 rw-s 00000000 00:05 123013                     /drm mm object (deleted)
Size:                256 kB
Rss:                 256 kB
Pss:                 252 kB
Shared_Clean:          0 kB
Shared_Dirty:          8 kB
Private_Clean:         0 kB
Private_Dirty:       248 kB
Referenced:          256 kB
Anonymous:             0 kB
AnonHugePages:         0 kB
Swap:                  0 kB
KernelPageSize:        4 kB
MMUPageSize:           4 kB
Locked:                0 kB
VmFlags: rd wr sh mr mw me ms 
7f3fd7c44000-7f3fd7d08000 rw-s 00000000 00:05 115349                     /drm mm object (deleted)
Size:                784 kB
Rss:                 784 kB
Pss:                 392 kB
Shared_Clean:          0 kB
Shared_Dirty:        784 kB
Private_Clean:         0 kB
Private_Dirty:         0 kB
Referenced:          784 kB
Anonymous:             0 kB
AnonHugePages:         0 kB
Swap:                  0 kB
KernelPageSize:        4 kB
MMUPageSize:           4 kB
Locked:                0 kB
VmFlags: rd wr sh mr mw me ms 
7f3fd7d21000-7f3fd7d5e000 rw-s 00000000 00:05 123009                     /drm mm object (deleted)
Size:                244 kB
Rss:                 232 kB
Pss:                 116 kB
Shared_Clean:          0 kB
Shared_Dirty:        232 kB
Private_Clean:         0 kB
Private_Dirty:         0 kB
Referenced:          232 kB
Anonymous:             0 kB
AnonHugePages:         0 kB
Swap:                  0 kB
KernelPageSize:        4 kB
MMUPageSize:           4 kB
Locked:                0 kB
VmFlags: rd wr sh mr mw me ms 
7f3fd7d5e000-7f3fd7e90000 rw-s 00000000 00:05 118630                     /drm mm object (deleted)
Size:               1224 kB
Rss:                1224 kB
Pss:                 612 kB
Shared_Clean:          0 kB
Shared_Dirty:       1224 kB
Private_Clean:         0 kB
Private_Dirty:         0 kB
Referenced:         1224 kB
Anonymous:             0 kB
AnonHugePages:         0 kB
Swap:                  0 kB
KernelPageSize:        4 kB
MMUPageSize:           4 kB
Locked:                0 kB
VmFlags: rd wr sh mr mw me ms 
7f3fd7e90000-7f3fd7ece000 rw-s 00000000 00:05 115259                     /drm mm object (deleted)
Size:                248 kB
Rss:                 248 kB
Pss:                 124 kB
Shared_Clean:          0 kB
Shared_Dirty:        248 kB
Private_Clean:         0 kB
Private_Dirty:         0 kB
Referenced:          248 kB
Anonymous:             0 kB
AnonHugePages:         0 kB
Swap:                  0 kB
KernelPageSize:        4 kB
MMUPageSize:           4 kB
Locked:                0 kB
VmFlags: rd wr sh mr mw me ms 
7f3fd7ecf000-7f3fd7ede000 rw-s 00000000 00:05 121432                     /drm mm object (deleted)
Size:                 60 kB
Rss:                  36 kB
Pss:                  18 kB
Shared_Clean:          0 kB
Shared_Dirty:         36 kB
Private_Clean:         0 kB
Private_Dirty:         0 kB
Referenced:           36 kB
Anonymous:             0 kB
AnonHugePages:         0 kB
Swap:                  0 kB
KernelPageSize:        4 kB
MMUPageSize:           4 kB
Locked:                0 kB
VmFlags: rd wr sh mr mw me ms 
7f3fd7ede000-7f3fd7efc000 rw-s 00000000 00:05 119645                     /drm mm object (deleted)
Size:                120 kB
Rss:                 120 kB
Pss:                  74 kB
Shared_Clean:          0 kB
Shared_Dirty:         92 kB
Private_Clean:         0 kB
Private_Dirty:        28 kB
Referenced:          120 kB
Anonymous:             0 kB
AnonHugePages:         0 kB
Swap:                  0 kB
KernelPageSize:        4 kB
MMUPageSize:           4 kB
Locked:                0 kB
VmFlags: rd wr sh mr mw me ms 
7f3fd7f01000-7f3fd7fc5000 rw-s 00000000 00:05 122985                     /drm mm object (deleted)
Size:                784 kB
Rss:                 784 kB
Pss:                 392 kB
Shared_Clean:          0 kB
Shared_Dirty:        784 kB
Private_Clean:         0 kB
Private_Dirty:         0 kB
Referenced:          784 kB
Anonymous:             0 kB
AnonHugePages:         0 kB
Swap:                  0 kB
KernelPageSize:        4 kB
MMUPageSize:           4 kB
Locked:                0 kB
VmFlags: rd wr sh mr mw me ms 
7f3fd8000000-7f3fd8021000 rw-p 00000000 00:00 0 
Size:                132 kB
Rss:                   4 kB
Pss:                   4 kB
Shared_Clean:          0 kB
Shared_Dirty:          0 kB
Private_Clean:         0 kB
Private_Dirty:         4 kB
Referenced:            0 kB
Anonymous:             4 kB
AnonHugePages:         0 kB
Swap:                  0 kB
KernelPageSize:        4 kB
MMUPageSize:           4 kB
Locked:                0 kB
VmFlags: rd wr mr mw me nr 
7f3fd8021000-7f3fdc000000 ---p 00000000 00:00 0 
Size:              65404 kB
Rss:                   0 kB
Pss:                   0 kB
Shared_Clean:          0 kB
Shared_Dirty:          0 kB
Private_Clean:         0 kB
Private_Dirty:         0 kB
Referenced:            0 kB
Anonymous:             0 kB
AnonHugePages:         0 kB
Swap:                  0 kB
KernelPageSize:        4 kB
MMUPageSize:           4 kB
Locked:                0 kB
VmFlags: mr mw me nr 
7f3fdc005000-7f3fdc013000 rw-s 00000000 00:05 2355                       /drm mm object (deleted)
Size:                 56 kB
Rss:                  56 kB
Pss:                  28 kB
Shared_Clean:          0 kB
Shared_Dirty:         56 kB
Private_Clean:         0 kB
Private_Dirty:         0 kB
Referenced:           56 kB
Anonymous:             0 kB
AnonHugePages:         0 kB
Swap:                  0 kB
KernelPageSize:        4 kB
MMUPageSize:           4 kB
Locked:                0 kB
VmFlags: rd wr sh mr mw me ms 
7f3fdc02b000-7f3fdc04a000 rw-s 00000000 00:05 101131                     /drm mm object (deleted)
Size:                124 kB
Rss:                 124 kB
Pss:                  62 kB
Shared_Clean:          0 kB
Shared_Dirty:        124 kB
Private_Clean:         0 kB
Private_Dirty:         0 kB
Referenced:          124 kB
Anonymous:             0 kB
AnonHugePages:         0 kB
Swap:                  0 kB
KernelPageSize:        4 kB
MMUPageSize:           4 kB
Locked:                0 kB
VmFlags: rd wr sh mr mw me ms 
7f3fdc04a000-7f3fdc087000 rw-s 00000000 00:05 61109                      /drm mm object (deleted)
Size:                244 kB
Rss:                 240 kB
Pss:                 120 kB
Shared_Clean:          0 kB
Shared_Dirty:        240 kB
Private_Clean:         0 kB
Private_Dirty:         0 kB
Referenced:          240 kB
Anonymous:             0 kB
AnonHugePages:         0 kB
Swap:                  0 kB
KernelPageSize:        4 kB
MMUPageSize:           4 kB
Locked:                0 kB
VmFlags: rd wr sh mr mw me ms 
7f3fdc087000-7f3fdc096000 rw-s 00000000 00:05 121432                     /drm mm object (deleted)
Size:                 60 kB
Rss:                  60 kB
Pss:                  42 kB
Shared_Clean:          0 kB
Shared_Dirty:         36 kB
Private_Clean:         0 kB
Private_Dirty:        24 kB
Referenced:           60 kB
Anonymous:             0 kB
AnonHugePages:         0 kB
Swap:                  0 kB
KernelPageSize:        4 kB
MMUPageSize:           4 kB
Locked:                0 kB
VmFlags: rd wr sh mr mw me ms 
7f3fdc098000-7f3fdc0d6000 rw-s 00000000 00:05 123012                     /drm mm object (deleted)
Size:                248 kB
Rss:                 248 kB
Pss:                 248 kB
Shared_Clean:          0 kB
Shared_Dirty:          0 kB
Private_Clean:         0 kB
Private_Dirty:       248 kB
Referenced:          248 kB
Anonymous:             0 kB
AnonHugePages:         0 kB
Swap:                  0 kB
KernelPageSize:        4 kB
MMUPageSize:           4 kB
Locked:                0 kB
VmFlags: rd wr sh mr mw me ms 
7f3fdc0d6000-7f3fdc10c000 rw-s 00000000 00:05 122897                     /drm mm object (deleted)
Size:                216 kB
Rss:                 216 kB
Pss:                 130 kB
Shared_Clean:          0 kB
Shared_Dirty:        172 kB
Private_Clean:         0 kB
Private_Dirty:        44 kB
Referenced:          216 kB
Anonymous:             0 kB
AnonHugePages:         0 kB
Swap:                  0 kB
KernelPageSize:        4 kB
MMUPageSize:           4 kB
Locked:                0 kB
VmFlags: rd wr sh mr mw me ms 
7f3fdc10f000-7f3fdc14c000 rw-s 00000000 00:05 123009                     /drm mm object (deleted)
Size:                244 kB
Rss:                 244 kB
Pss:                 128 kB
Shared_Clean:          0 kB
Shared_Dirty:        232 kB
Private_Clean:         0 kB
Private_Dirty:        12 kB
Referenced:          244 kB
Anonymous:             0 kB
AnonHugePages:         0 kB
Swap:                  0 kB
KernelPageSize:        4 kB
MMUPageSize:           4 kB
Locked:                0 kB
VmFlags: rd wr sh mr mw me ms 
7f3fdc14c000-7f3fdc185000 rw-s 00000000 00:05 61110                      /drm mm object (deleted)
Size:                228 kB
Rss:                 216 kB
Pss:                 108 kB
Shared_Clean:          0 kB
Shared_Dirty:        216 kB
Private_Clean:         0 kB
Private_Dirty:         0 kB
Referenced:          216 kB
Anonymous:             0 kB
AnonHugePages:         0 kB
Swap:                  0 kB
KernelPageSize:        4 kB
MMUPageSize:           4 kB
Locked:                0 kB
VmFlags: rd wr sh mr mw me ms 
7f3fdc18c000-7f3fdc1ab000 rw-s 00000000 00:05 101131                     /drm mm object (deleted)
Size:                124 kB
Rss:                 124 kB
Pss:                  62 kB
Shared_Clean:          0 kB
Shared_Dirty:        124 kB
Private_Clean:         0 kB
Private_Dirty:         0 kB
Referenced:          124 kB
Anonymous:             0 kB
AnonHugePages:         0 kB
Swap:                  0 kB
KernelPageSize:        4 kB
MMUPageSize:           4 kB
Locked:                0 kB
VmFlags: rd wr sh mr mw me ms 
7f3fdc1ab000-7f3fdc1eb000 rw-s 00000000 00:05 99997                      /drm mm object (deleted)
Size:                256 kB
Rss:                 256 kB
Pss:                 128 kB
Shared_Clean:          0 kB
Shared_Dirty:        256 kB
Private_Clean:         0 kB
Private_Dirty:         0 kB
Referenced:          256 kB
Anonymous:             0 kB
AnonHugePages:         0 kB
Swap:                  0 kB
KernelPageSize:        4 kB
MMUPageSize:           4 kB
Locked:                0 kB
VmFlags: rd wr sh mr mw me ms 
7f3fdc1eb000-7f3fdc224000 rw-s 00000000 00:05 61110                      /drm mm object (deleted)
Size:                228 kB
Rss:                 228 kB
Pss:                 120 kB
Shared_Clean:          0 kB
Shared_Dirty:        216 kB
Private_Clean:         0 kB
Private_Dirty:        12 kB
Referenced:          228 kB
Anonymous:             0 kB
AnonHugePages:         0 kB
Swap:                  0 kB
KernelPageSize:        4 kB
MMUPageSize:           4 kB
Locked:                0 kB
VmFlags: rd wr sh mr mw me ms 
7f3fdc242000-7f3fdc250000 rw-s 00000000 00:05 25454                      /drm mm object (deleted)
Size:                 56 kB
Rss:                  56 kB
Pss:                  56 kB
Shared_Clean:          0 kB
Shared_Dirty:          0 kB
Private_Clean:         0 kB
Private_Dirty:        56 kB
Referenced:           56 kB
Anonymous:             0 kB
AnonHugePages:         0 kB
Swap:                  0 kB
KernelPageSize:        4 kB
MMUPageSize:           4 kB
Locked:                0 kB
VmFlags: rd wr sh mr mw me ms 
7f3fdc255000-7f3fdc264000 rw-s 00000000 00:05 119638                     /drm mm object (deleted)
Size:                 60 kB
Rss:                  60 kB
Pss:                  30 kB
Shared_Clean:          0 kB
Shared_Dirty:         60 kB
Private_Clean:         0 kB
Private_Dirty:         0 kB
Referenced:           60 kB
Anonymous:             0 kB
AnonHugePages:         0 kB
Swap:                  0 kB
KernelPageSize:        4 kB
MMUPageSize:           4 kB
Locked:                0 kB
VmFlags: rd wr sh mr mw me ms 
7f3fdc264000-7f3fdc27a000 rw-s 00000000 00:05 122949                     /drm mm object (deleted)
Size:                 88 kB
Rss:                  88 kB
Pss:                  44 kB
Shared_Clean:          0 kB
Shared_Dirty:         88 kB
Private_Clean:         0 kB
Private_Dirty:         0 kB
Referenced:           88 kB
Anonymous:             0 kB
AnonHugePages:         0 kB
Swap:                  0 kB
KernelPageSize:        4 kB
MMUPageSize:           4 kB
Locked:                0 kB
VmFlags: rd wr sh mr mw me ms 
7f3fdc27a000-7f3fdc2b7000 rw-s 00000000 00:05 61109                      /drm mm object (deleted)
Size:                244 kB
Rss:                 244 kB
Pss:                 124 kB
Shared_Clean:          0 kB
Shared_Dirty:        240 kB
Private_Clean:         0 kB
Private_Dirty:         4 kB
Referenced:          244 kB
Anonymous:             0 kB
AnonHugePages:         0 kB
Swap:                  0 kB
KernelPageSize:        4 kB
MMUPageSize:           4 kB
Locked:                0 kB
VmFlags: rd wr sh mr mw me ms 
7f3fdc2ea000-7f3fdc3ae000 rw-s 00000000 00:05 122985                     /drm mm object (deleted)
Size:                784 kB
Rss:                 784 kB
Pss:                 392 kB
Shared_Clean:          0 kB
Shared_Dirty:        784 kB
Private_Clean:         0 kB
Private_Dirty:         0 kB
Referenced:          784 kB
Anonymous:             0 kB
AnonHugePages:         0 kB
Swap:                  0 kB
KernelPageSize:        4 kB
MMUPageSize:           4 kB
Locked:                0 kB
VmFlags: rd wr sh mr mw me ms 
7f3fdc3dc000-7f3fdc3fb000 rw-s 00000000 00:05 122221                     /drm mm object (deleted)
Size:                124 kB
Rss:                 124 kB
Pss:                  62 kB
Shared_Clean:          0 kB
Shared_Dirty:        124 kB
Private_Clean:         0 kB
Private_Dirty:         0 kB
Referenced:          124 kB
Anonymous:             0 kB
AnonHugePages:         0 kB
Swap:                  0 kB
KernelPageSize:        4 kB
MMUPageSize:           4 kB
Locked:                0 kB
VmFlags: rd wr sh mr mw me ms 
7f3fdc3fb000-7f3fdc41a000 rw-s 00000000 00:05 122221                     /drm mm object (deleted)
Size:                124 kB
Rss:                 124 kB
Pss:                  62 kB
Shared_Clean:          0 kB
Shared_Dirty:        124 kB
Private_Clean:         0 kB
Private_Dirty:         0 kB
Referenced:          124 kB
Anonymous:             0 kB
AnonHugePages:         0 kB
Swap:                  0 kB
KernelPageSize:        4 kB
MMUPageSize:           4 kB
Locked:                0 kB
VmFlags: rd wr sh mr mw me ms 
7f3fdc41a000-7f3fdc421000 rw-s 00000000 00:05 121480                     /drm mm object (deleted)
Size:                 28 kB
Rss:                  28 kB
Pss:                  14 kB
Shared_Clean:          0 kB
Shared_Dirty:         28 kB
Private_Clean:         0 kB
Private_Dirty:         0 kB
Referenced:           28 kB
Anonymous:             0 kB
AnonHugePages:         0 kB
Swap:                  0 kB
KernelPageSize:        4 kB
MMUPageSize:           4 kB
Locked:                0 kB
VmFlags: rd wr sh mr mw me ms 
7f3fdc421000-7f3fdc428000 rw-s 00000000 00:05 121480                     /drm mm object (deleted)
Size:                 28 kB
Rss:                  28 kB
Pss:                  14 kB
Shared_Clean:          0 kB
Shared_Dirty:         28 kB
Private_Clean:         0 kB
Private_Dirty:         0 kB
Referenced:           28 kB
Anonymous:             0 kB
AnonHugePages:         0 kB
Swap:                  0 kB
KernelPageSize:        4 kB
MMUPageSize:           4 kB
Locked:                0 kB
VmFlags: rd wr sh mr mw me ms 
7f3fdc450000-7f3fdc454000 rw-s 00000000 00:05 4610                       /drm mm object (deleted)
Size:                 16 kB
Rss:                  16 kB
Pss:                  16 kB
Shared_Clean:          0 kB
Shared_Dirty:          0 kB
Private_Clean:         0 kB
Private_Dirty:        16 kB
Referenced:           16 kB
Anonymous:             0 kB
AnonHugePages:         0 kB
Swap:                  0 kB
KernelPageSize:        4 kB
MMUPageSize:           4 kB
Locked:                0 kB
VmFlags: rd wr sh mr mw me ms 
7f3fdc45b000-7f3fdc472000 rw-s 00000000 00:05 2344                       /drm mm object (deleted)
Size:                 92 kB
Rss:                  92 kB
Pss:                  46 kB
Shared_Clean:          0 kB
Shared_Dirty:         92 kB
Private_Clean:         0 kB
Private_Dirty:         0 kB
Referenced:           92 kB
Anonymous:             0 kB
AnonHugePages:         0 kB
Swap:                  0 kB
KernelPageSize:        4 kB
MMUPageSize:           4 kB
Locked:                0 kB
VmFlags: rd wr sh mr mw me ms 
7f3fdc472000-7f3fdc480000 rw-s 00000000 00:05 2345                       /drm mm object (deleted)
Size:                 56 kB
Rss:                  56 kB
Pss:                  28 kB
Shared_Clean:          0 kB
Shared_Dirty:         56 kB
Private_Clean:         0 kB
Private_Dirty:         0 kB
Referenced:           56 kB
Anonymous:             0 kB
AnonHugePages:         0 kB
Swap:                  0 kB
KernelPageSize:        4 kB
MMUPageSize:           4 kB
Locked:                0 kB
VmFlags: rd wr sh mr mw me ms 
7f3fdc480000-7f3fdc48e000 rw-s 00000000 00:05 2345                       /drm mm object (deleted)
Size:                 56 kB
Rss:                  56 kB
Pss:                  28 kB
Shared_Clean:          0 kB
Shared_Dirty:         56 kB
Private_Clean:         0 kB
Private_Dirty:         0 kB
Referenced:           56 kB
Anonymous:             0 kB
AnonHugePages:         0 kB
Swap:                  0 kB
KernelPageSize:        4 kB
MMUPageSize:           4 kB
Locked:                0 kB
VmFlags: rd wr sh mr mw me ms 
7f3fdc48e000-7f3fdc88e000 rw-s 100424000 00:06 2108                      /dev/dri/card0
Size:               4096 kB
Rss:                   0 kB
Pss:                   0 kB
Shared_Clean:          0 kB
Shared_Dirty:          0 kB
Private_Clean:         0 kB
Private_Dirty:         0 kB
Referenced:            0 kB
Anonymous:             0 kB
AnonHugePages:         0 kB
Swap:                  0 kB
KernelPageSize:        4 kB
MMUPageSize:           4 kB
Locked:                0 kB
VmFlags: rd wr sh mr mw me ms pf io de dd 
7f3fdc88e000-7f3fdc88f000 ---p 00000000 00:00 0 
Size:                  4 kB
Rss:                   0 kB
Pss:                   0 kB
Shared_Clean:          0 kB
Shared_Dirty:          0 kB
Private_Clean:         0 kB
Private_Dirty:         0 kB
Referenced:            0 kB
Anonymous:             0 kB
AnonHugePages:         0 kB
Swap:                  0 kB
KernelPageSize:        4 kB
MMUPageSize:           4 kB
Locked:                0 kB
VmFlags: mr mw me 
7f3fdc88f000-7f3fdd08f000 rw-p 00000000 00:00 0                          [stack:2399]
Size:               8192 kB
Rss:                  12 kB
Pss:                  12 kB
Shared_Clean:          0 kB
Shared_Dirty:          0 kB
Private_Clean:         0 kB
Private_Dirty:        12 kB
Referenced:           12 kB
Anonymous:            12 kB
AnonHugePages:         0 kB
Swap:                  0 kB
KernelPageSize:        4 kB
MMUPageSize:           4 kB
Locked:                0 kB
VmFlags: rd wr mr mw me ac 
7f3fdd094000-7f3fdd0aa000 rw-s 00000000 00:05 122949                     /drm mm object (deleted)
Size:                 88 kB
Rss:                  88 kB
Pss:                  44 kB
Shared_Clean:          0 kB
Shared_Dirty:         88 kB
Private_Clean:         0 kB
Private_Dirty:         0 kB
Referenced:           88 kB
Anonymous:             0 kB
AnonHugePages:         0 kB
Swap:                  0 kB
KernelPageSize:        4 kB
MMUPageSize:           4 kB
Locked:                0 kB
VmFlags: rd wr sh mr mw me ms 
7f3fdd0aa000-7f3fdd0c4000 rw-s 00000000 00:05 119504                     /drm mm object (deleted)
Size:                104 kB
Rss:                 104 kB
Pss:                  52 kB
Shared_Clean:          0 kB
Shared_Dirty:        104 kB
Private_Clean:         0 kB
Private_Dirty:         0 kB
Referenced:          104 kB
Anonymous:             0 kB
AnonHugePages:         0 kB
Swap:                  0 kB
KernelPageSize:        4 kB
MMUPageSize:           4 kB
Locked:                0 kB
VmFlags: rd wr sh mr mw me ms 
7f3fdd0c4000-7f3fdd0de000 rw-s 00000000 00:05 119504                     /drm mm object (deleted)
Size:                104 kB
Rss:                 104 kB
Pss:                  52 kB
Shared_Clean:          0 kB
Shared_Dirty:        104 kB
Private_Clean:         0 kB
Private_Dirty:         0 kB
Referenced:          104 kB
Anonymous:             0 kB
AnonHugePages:         0 kB
Swap:                  0 kB
KernelPageSize:        4 kB
MMUPageSize:           4 kB
Locked:                0 kB
VmFlags: rd wr sh mr mw me ms 
7f3fdd0de000-7f3fdd11c000 rw-s 00000000 00:05 115259                     /drm mm object (deleted)
Size:                248 kB
Rss:                 248 kB
Pss:                 124 kB
Shared_Clean:          0 kB
Shared_Dirty:        248 kB
Private_Clean:         0 kB
Private_Dirty:         0 kB
Referenced:          248 kB
Anonymous:             0 kB
AnonHugePages:         0 kB
Swap:                  0 kB
KernelPageSize:        4 kB
MMUPageSize:           4 kB
Locked:                0 kB
VmFlags: rd wr sh mr mw me ms 
7f3fdd127000-7f3fdd13e000 rw-s 00000000 00:05 119500                     /drm mm object (deleted)
Size:                 92 kB
Rss:                  92 kB
Pss:                  46 kB
Shared_Clean:          0 kB
Shared_Dirty:         92 kB
Private_Clean:         0 kB
Private_Dirty:         0 kB
Referenced:           92 kB
Anonymous:             0 kB
AnonHugePages:         0 kB
Swap:                  0 kB
KernelPageSize:        4 kB
MMUPageSize:           4 kB
Locked:                0 kB
VmFlags: rd wr sh mr mw me ms 
7f3fdd13e000-7f3fdd17d000 rw-s 00000000 00:05 98958                      /drm mm object (deleted)
Size:                252 kB
Rss:                 252 kB
Pss:                 126 kB
Shared_Clean:          0 kB
Shared_Dirty:        252 kB
Private_Clean:         0 kB
Private_Dirty:         0 kB
Referenced:          252 kB
Anonymous:             0 kB
AnonHugePages:         0 kB
Swap:                  0 kB
KernelPageSize:        4 kB
MMUPageSize:           4 kB
Locked:                0 kB
VmFlags: rd wr sh mr mw me ms 
7f3fdd17d000-7f3fdd19b000 rw-s 00000000 00:05 97914                      /drm mm object (deleted)
Size:                120 kB
Rss:                 120 kB
Pss:                  60 kB
Shared_Clean:          0 kB
Shared_Dirty:        120 kB
Private_Clean:         0 kB
Private_Dirty:         0 kB
Referenced:          120 kB
Anonymous:             0 kB
AnonHugePages:         0 kB
Swap:                  0 kB
KernelPageSize:        4 kB
MMUPageSize:           4 kB
Locked:                0 kB
VmFlags: rd wr sh mr mw me ms 
7f3fdd19b000-7f3fdd1b9000 rw-s 00000000 00:05 97914                      /drm mm object (deleted)
Size:                120 kB
Rss:                 120 kB
Pss:                  60 kB
Shared_Clean:          0 kB
Shared_Dirty:        120 kB
Private_Clean:         0 kB
Private_Dirty:         0 kB
Referenced:          120 kB
Anonymous:             0 kB
AnonHugePages:         0 kB
Swap:                  0 kB
KernelPageSize:        4 kB
MMUPageSize:           4 kB
Locked:                0 kB
VmFlags: rd wr sh mr mw me ms 
7f3fdd1b9000-7f3fdd1dd000 rw-s 00000000 00:05 59971                      /drm mm object (deleted)
Size:                144 kB
Rss:                 136 kB
Pss:                  68 kB
Shared_Clean:          0 kB
Shared_Dirty:        136 kB
Private_Clean:         0 kB
Private_Dirty:         0 kB
Referenced:          136 kB
Anonymous:             0 kB
AnonHugePages:         0 kB
Swap:                  0 kB
KernelPageSize:        4 kB
MMUPageSize:           4 kB
Locked:                0 kB
VmFlags: rd wr sh mr mw me ms 
7f3fdd1dd000-7f3fdd201000 rw-s 00000000 00:05 59971                      /drm mm object (deleted)
Size:                144 kB
Rss:                 144 kB
Pss:                  76 kB
Shared_Clean:          0 kB
Shared_Dirty:        136 kB
Private_Clean:         0 kB
Private_Dirty:         8 kB
Referenced:          144 kB
Anonymous:             0 kB
AnonHugePages:         0 kB
Swap:                  0 kB
KernelPageSize:        4 kB
MMUPageSize:           4 kB
Locked:                0 kB
VmFlags: rd wr sh mr mw me ms 
7f3fdd207000-7f3fdd216000 rw-s 00000000 00:05 119638                     /drm mm object (deleted)
Size:                 60 kB
Rss:                  60 kB
Pss:                  30 kB
Shared_Clean:          0 kB
Shared_Dirty:         60 kB
Private_Clean:         0 kB
Private_Dirty:         0 kB
Referenced:           60 kB
Anonymous:             0 kB
AnonHugePages:         0 kB
Swap:                  0 kB
KernelPageSize:        4 kB
MMUPageSize:           4 kB
Locked:                0 kB
VmFlags: rd wr sh mr mw me ms 
7f3fdd216000-7f3fdd234000 rw-s 00000000 00:05 114640                     /drm mm object (deleted)
Size:                120 kB
Rss:                 120 kB
Pss:                  60 kB
Shared_Clean:          0 kB
Shared_Dirty:        120 kB
Private_Clean:         0 kB
Private_Dirty:         0 kB
Referenced:          120 kB
Anonymous:             0 kB
AnonHugePages:         0 kB
Swap:                  0 kB
KernelPageSize:        4 kB
MMUPageSize:           4 kB
Locked:                0 kB
VmFlags: rd wr sh mr mw me ms 
7f3fdd235000-7f3fdd23c000 rw-s 00000000 00:05 122913                     /drm mm object (deleted)
Size:                 28 kB
Rss:                  28 kB
Pss:                  14 kB
Shared_Clean:          0 kB
Shared_Dirty:         28 kB
Private_Clean:         0 kB
Private_Dirty:         0 kB
Referenced:           28 kB
Anonymous:             0 kB
AnonHugePages:         0 kB
Swap:                  0 kB
KernelPageSize:        4 kB
MMUPageSize:           4 kB
Locked:                0 kB
VmFlags: rd wr sh mr mw me ms 
7f3fdd23f000-7f3fdd248000 rw-s 00000000 00:05 123011                     /drm mm object (deleted)
Size:                 36 kB
Rss:                  36 kB
Pss:                  18 kB
Shared_Clean:          0 kB
Shared_Dirty:         36 kB
Private_Clean:         0 kB
Private_Dirty:         0 kB
Referenced:           36 kB
Anonymous:             0 kB
AnonHugePages:         0 kB
Swap:                  0 kB
KernelPageSize:        4 kB
MMUPageSize:           4 kB
Locked:                0 kB
VmFlags: rd wr sh mr mw me ms 
7f3fdd248000-7f3fdd25f000 rw-s 00000000 00:05 119500                     /drm mm object (deleted)
Size:                 92 kB
Rss:                  92 kB
Pss:                  46 kB
Shared_Clean:          0 kB
Shared_Dirty:         92 kB
Private_Clean:         0 kB
Private_Dirty:         0 kB
Referenced:           92 kB
Anonymous:             0 kB
AnonHugePages:         0 kB
Swap:                  0 kB
KernelPageSize:        4 kB
MMUPageSize:           4 kB
Locked:                0 kB
VmFlags: rd wr sh mr mw me ms 
7f3fdd25f000-7f3fdd27e000 rw-s 00000000 00:05 58120                      /drm mm object (deleted)
Size:                124 kB
Rss:                 124 kB
Pss:                  62 kB
Shared_Clean:          0 kB
Shared_Dirty:        124 kB
Private_Clean:         0 kB
Private_Dirty:         0 kB
Referenced:          124 kB
Anonymous:             0 kB
AnonHugePages:         0 kB
Swap:                  0 kB
KernelPageSize:        4 kB
MMUPageSize:           4 kB
Locked:                0 kB
VmFlags: rd wr sh mr mw me ms 
7f3fdd284000-7f3fdd2a2000 rw-s 00000000 00:05 114640                     /drm mm object (deleted)
Size:                120 kB
Rss:                 120 kB
Pss:                  60 kB
Shared_Clean:          0 kB
Shared_Dirty:        120 kB
Private_Clean:         0 kB
Private_Dirty:         0 kB
Referenced:          120 kB
Anonymous:             0 kB
AnonHugePages:         0 kB
Swap:                  0 kB
KernelPageSize:        4 kB
MMUPageSize:           4 kB
Locked:                0 kB
VmFlags: rd wr sh mr mw me ms 
7f3fdd2a2000-7f3fdd2b1000 rw-s 00000000 00:05 103949                     /drm mm object (deleted)
Size:                 60 kB
Rss:                  16 kB
Pss:                   8 kB
Shared_Clean:          0 kB
Shared_Dirty:         16 kB
Private_Clean:         0 kB
Private_Dirty:         0 kB
Referenced:           16 kB
Anonymous:             0 kB
AnonHugePages:         0 kB
Swap:                  0 kB
KernelPageSize:        4 kB
MMUPageSize:           4 kB
Locked:                0 kB
VmFlags: rd wr sh mr mw me ms 
7f3fdd2b1000-7f3fdd2b8000 rw-s 00000000 00:05 101797                     /drm mm object (deleted)
Size:                 28 kB
Rss:                  28 kB
Pss:                  14 kB
Shared_Clean:          0 kB
Shared_Dirty:         28 kB
Private_Clean:         0 kB
Private_Dirty:         0 kB
Referenced:           28 kB
Anonymous:             0 kB
AnonHugePages:         0 kB
Swap:                  0 kB
KernelPageSize:        4 kB
MMUPageSize:           4 kB
Locked:                0 kB
VmFlags: rd wr sh mr mw me ms 
7f3fdd2be000-7f3fdd2c5000 rw-s 00000000 00:05 122943                     /drm mm object (deleted)
Size:                 28 kB
Rss:                  20 kB
Pss:                  10 kB
Shared_Clean:          0 kB
Shared_Dirty:         20 kB
Private_Clean:         0 kB
Private_Dirty:         0 kB
Referenced:           20 kB
Anonymous:             0 kB
AnonHugePages:         0 kB
Swap:                  0 kB
KernelPageSize:        4 kB
MMUPageSize:           4 kB
Locked:                0 kB
VmFlags: rd wr sh mr mw me ms 
7f3fdd2c5000-7f3fdd2d4000 rw-s 00000000 00:05 58798                      /drm mm object (deleted)
Size:                 60 kB
Rss:                  60 kB
Pss:                  30 kB
Shared_Clean:          0 kB
Shared_Dirty:         60 kB
Private_Clean:         0 kB
Private_Dirty:         0 kB
Referenced:           60 kB
Anonymous:             0 kB
AnonHugePages:         0 kB
Swap:                  0 kB
KernelPageSize:        4 kB
MMUPageSize:           4 kB
Locked:                0 kB
VmFlags: rd wr sh mr mw me ms 
7f3fdd2d6000-7f3fdd2e0000 rw-s 00000000 00:05 122102                     /drm mm object (deleted)
Size:                 40 kB
Rss:                  16 kB
Pss:                   8 kB
Shared_Clean:          0 kB
Shared_Dirty:         16 kB
Private_Clean:         0 kB
Private_Dirty:         0 kB
Referenced:           16 kB
Anonymous:             0 kB
AnonHugePages:         0 kB
Swap:                  0 kB
KernelPageSize:        4 kB
MMUPageSize:           4 kB
Locked:                0 kB
VmFlags: rd wr sh mr mw me ms 
7f3fdd2e0000-7f3fdd2ea000 rw-s 00000000 00:05 122102                     /drm mm object (deleted)
Size:                 40 kB
Rss:                  40 kB
Pss:                  32 kB
Shared_Clean:          0 kB
Shared_Dirty:         16 kB
Private_Clean:         0 kB
Private_Dirty:        24 kB
Referenced:           40 kB
Anonymous:             0 kB
AnonHugePages:         0 kB
Swap:                  0 kB
KernelPageSize:        4 kB
MMUPageSize:           4 kB
Locked:                0 kB
VmFlags: rd wr sh mr mw me ms 
7f3fdd2ea000-7f3fdd308000 rw-s 00000000 00:05 116072                     /drm mm object (deleted)
Size:                120 kB
Rss:                  80 kB
Pss:                  40 kB
Shared_Clean:          0 kB
Shared_Dirty:         80 kB
Private_Clean:         0 kB
Private_Dirty:         0 kB
Referenced:           80 kB
Anonymous:             0 kB
AnonHugePages:         0 kB
Swap:                  0 kB
KernelPageSize:        4 kB
MMUPageSize:           4 kB
Locked:                0 kB
VmFlags: rd wr sh mr mw me ms 
7f3fdd309000-7f3fdd310000 rw-s 00000000 00:05 122233                     /drm mm object (deleted)
Size:                 28 kB
Rss:                  28 kB
Pss:                  14 kB
Shared_Clean:          0 kB
Shared_Dirty:         28 kB
Private_Clean:         0 kB
Private_Dirty:         0 kB
Referenced:           28 kB
Anonymous:             0 kB
AnonHugePages:         0 kB
Swap:                  0 kB
KernelPageSize:        4 kB
MMUPageSize:           4 kB
Locked:                0 kB
VmFlags: rd wr sh mr mw me ms 
7f3fdd310000-7f3fdd317000 rw-s 00000000 00:05 122233                     /drm mm object (deleted)
Size:                 28 kB
Rss:                  28 kB
Pss:                  14 kB
Shared_Clean:          0 kB
Shared_Dirty:         28 kB
Private_Clean:         0 kB
Private_Dirty:         0 kB
Referenced:           28 kB
Anonymous:             0 kB
AnonHugePages:         0 kB
Swap:                  0 kB
KernelPageSize:        4 kB
MMUPageSize:           4 kB
Locked:                0 kB
VmFlags: rd wr sh mr mw me ms 
7f3fdd317000-7f3fdd31d000 rw-s 00000000 00:05 104727                     /drm mm object (deleted)
Size:                 24 kB
Rss:                  24 kB
Pss:                  12 kB
Shared_Clean:          0 kB
Shared_Dirty:         24 kB
Private_Clean:         0 kB
Private_Dirty:         0 kB
Referenced:           24 kB
Anonymous:             0 kB
AnonHugePages:         0 kB
Swap:                  0 kB
KernelPageSize:        4 kB
MMUPageSize:           4 kB
Locked:                0 kB
VmFlags: rd wr sh mr mw me ms 
7f3fdd31d000-7f3fdd324000 rw-s 00000000 00:05 122913                     /drm mm object (deleted)
Size:                 28 kB
Rss:                  28 kB
Pss:                  14 kB
Shared_Clean:          0 kB
Shared_Dirty:         28 kB
Private_Clean:         0 kB
Private_Dirty:         0 kB
Referenced:           28 kB
Anonymous:             0 kB
AnonHugePages:         0 kB
Swap:                  0 kB
KernelPageSize:        4 kB
MMUPageSize:           4 kB
Locked:                0 kB
VmFlags: rd wr sh mr mw me ms 
7f3fdd324000-7f3fdd333000 rw-s 00000000 00:05 103949                     /drm mm object (deleted)
Size:                 60 kB
Rss:                  60 kB
Pss:                  52 kB
Shared_Clean:          0 kB
Shared_Dirty:         16 kB
Private_Clean:         0 kB
Private_Dirty:        44 kB
Referenced:           60 kB
Anonymous:             0 kB
AnonHugePages:         0 kB
Swap:                  0 kB
KernelPageSize:        4 kB
MMUPageSize:           4 kB
Locked:                0 kB
VmFlags: rd wr sh mr mw me ms 
7f3fdd333000-7f3fdd352000 rw-s 00000000 00:05 58120                      /drm mm object (deleted)
Size:                124 kB
Rss:                 124 kB
Pss:                  62 kB
Shared_Clean:          0 kB
Shared_Dirty:        124 kB
Private_Clean:         0 kB
Private_Dirty:         0 kB
Referenced:          124 kB
Anonymous:             0 kB
AnonHugePages:         0 kB
Swap:                  0 kB
KernelPageSize:        4 kB
MMUPageSize:           4 kB
Locked:                0 kB
VmFlags: rd wr sh mr mw me ms 
7f3fdd357000-7f3fdd35e000 rw-s 00000000 00:05 101797                     /drm mm object (deleted)
Size:                 28 kB
Rss:                  28 kB
Pss:                  14 kB
Shared_Clean:          0 kB
Shared_Dirty:         28 kB
Private_Clean:         0 kB
Private_Dirty:         0 kB
Referenced:           28 kB
Anonymous:             0 kB
AnonHugePages:         0 kB
Swap:                  0 kB
KernelPageSize:        4 kB
MMUPageSize:           4 kB
Locked:                0 kB
VmFlags: rd wr sh mr mw me ms 
7f3fdd35e000-7f3fdd364000 rw-s 00000000 00:05 104727                     /drm mm object (deleted)
Size:                 24 kB
Rss:                  24 kB
Pss:                  12 kB
Shared_Clean:          0 kB
Shared_Dirty:         24 kB
Private_Clean:         0 kB
Private_Dirty:         0 kB
Referenced:           24 kB
Anonymous:             0 kB
AnonHugePages:         0 kB
Swap:                  0 kB
KernelPageSize:        4 kB
MMUPageSize:           4 kB
Locked:                0 kB
VmFlags: rd wr sh mr mw me ms 
7f3fdd367000-7f3fdd373000 rw-s 00000000 00:05 114586                     /drm mm object (deleted)
Size:                 48 kB
Rss:                  48 kB
Pss:                  48 kB
Shared_Clean:          0 kB
Shared_Dirty:          0 kB
Private_Clean:         0 kB
Private_Dirty:        48 kB
Referenced:           48 kB
Anonymous:             0 kB
AnonHugePages:         0 kB
Swap:                  0 kB
KernelPageSize:        4 kB
MMUPageSize:           4 kB
Locked:                0 kB
VmFlags: rd wr sh mr mw me ms 
7f3fdd373000-7f3fdd379000 rw-s 00000000 00:05 60110                      /drm mm object (deleted)
Size:                 24 kB
Rss:                  20 kB
Pss:                  10 kB
Shared_Clean:          0 kB
Shared_Dirty:         20 kB
Private_Clean:         0 kB
Private_Dirty:         0 kB
Referenced:           20 kB
Anonymous:             0 kB
AnonHugePages:         0 kB
Swap:                  0 kB
KernelPageSize:        4 kB
MMUPageSize:           4 kB
Locked:                0 kB
VmFlags: rd wr sh mr mw me ms 
7f3fdd379000-7f3fdd37f000 rw-s 00000000 00:05 60110                      /drm mm object (deleted)
Size:                 24 kB
Rss:                  24 kB
Pss:                  14 kB
Shared_Clean:          0 kB
Shared_Dirty:         20 kB
Private_Clean:         0 kB
Private_Dirty:         4 kB
Referenced:           24 kB
Anonymous:             0 kB
AnonHugePages:         0 kB
Swap:                  0 kB
KernelPageSize:        4 kB
MMUPageSize:           4 kB
Locked:                0 kB
VmFlags: rd wr sh mr mw me ms 
7f3fdd383000-7f3fdd389000 rw-s 00000000 00:05 103956                     /drm mm object (deleted)
Size:                 24 kB
Rss:                  20 kB
Pss:                  10 kB
Shared_Clean:          0 kB
Shared_Dirty:         20 kB
Private_Clean:         0 kB
Private_Dirty:         0 kB
Referenced:           20 kB
Anonymous:             0 kB
AnonHugePages:         0 kB
Swap:                  0 kB
KernelPageSize:        4 kB
MMUPageSize:           4 kB
Locked:                0 kB
VmFlags: rd wr sh mr mw me ms 
7f3fdd389000-7f3fdd390000 rw-s 00000000 00:05 100599                     /drm mm object (deleted)
Size:                 28 kB
Rss:                  28 kB
Pss:                  14 kB
Shared_Clean:          0 kB
Shared_Dirty:         28 kB
Private_Clean:         0 kB
Private_Dirty:         0 kB
Referenced:           28 kB
Anonymous:             0 kB
AnonHugePages:         0 kB
Swap:                  0 kB
KernelPageSize:        4 kB
MMUPageSize:           4 kB
Locked:                0 kB
VmFlags: rd wr sh mr mw me ms 
7f3fdd390000-7f3fdd397000 rw-s 00000000 00:05 100599                     /drm mm object (deleted)
Size:                 28 kB
Rss:                  28 kB
Pss:                  14 kB
Shared_Clean:          0 kB
Shared_Dirty:         28 kB
Private_Clean:         0 kB
Private_Dirty:         0 kB
Referenced:           28 kB
Anonymous:             0 kB
AnonHugePages:         0 kB
Swap:                  0 kB
KernelPageSize:        4 kB
MMUPageSize:           4 kB
Locked:                0 kB
VmFlags: rd wr sh mr mw me ms 
7f3fdd397000-7f3fdd39e000 rw-s 00000000 00:05 98782                      /drm mm object (deleted)
Size:                 28 kB
Rss:                  28 kB
Pss:                  14 kB
Shared_Clean:          0 kB
Shared_Dirty:         28 kB
Private_Clean:         0 kB
Private_Dirty:         0 kB
Referenced:           28 kB
Anonymous:             0 kB
AnonHugePages:         0 kB
Swap:                  0 kB
KernelPageSize:        4 kB
MMUPageSize:           4 kB
Locked:                0 kB
VmFlags: rd wr sh mr mw me ms 
7f3fdd39e000-7f3fdd3a5000 rw-s 00000000 00:05 106991                     /drm mm object (deleted)
Size:                 28 kB
Rss:                  28 kB
Pss:                  14 kB
Shared_Clean:          0 kB
Shared_Dirty:         28 kB
Private_Clean:         0 kB
Private_Dirty:         0 kB
Referenced:           28 kB
Anonymous:             0 kB
AnonHugePages:         0 kB
Swap:                  0 kB
KernelPageSize:        4 kB
MMUPageSize:           4 kB
Locked:                0 kB
VmFlags: rd wr sh mr mw me ms 
7f3fdd3a6000-7f3fdd3ac000 rw-s 00000000 00:05 119514                     /drm mm object (deleted)
Size:                 24 kB
Rss:                  24 kB
Pss:                  12 kB
Shared_Clean:          0 kB
Shared_Dirty:         24 kB
Private_Clean:         0 kB
Private_Dirty:         0 kB
Referenced:           24 kB
Anonymous:             0 kB
AnonHugePages:         0 kB
Swap:                  0 kB
KernelPageSize:        4 kB
MMUPageSize:           4 kB
Locked:                0 kB
VmFlags: rd wr sh mr mw me ms 
7f3fdd3ac000-7f3fdd3b2000 rw-s 00000000 00:05 59983                      /drm mm object (deleted)
Size:                 24 kB
Rss:                  24 kB
Pss:                  24 kB
Shared_Clean:          0 kB
Shared_Dirty:          0 kB
Private_Clean:         0 kB
Private_Dirty:        24 kB
Referenced:           24 kB
Anonymous:             0 kB
AnonHugePages:         0 kB
Swap:                  0 kB
KernelPageSize:        4 kB
MMUPageSize:           4 kB
Locked:                0 kB
VmFlags: rd wr sh mr mw me ms 
7f3fdd3b2000-7f3fdd3b6000 rw-s 00000000 00:05 59979                      /drm mm object (deleted)
Size:                 16 kB
Rss:                  16 kB
Pss:                  16 kB
Shared_Clean:          0 kB
Shared_Dirty:          0 kB
Private_Clean:         0 kB
Private_Dirty:        16 kB
Referenced:           16 kB
Anonymous:             0 kB
AnonHugePages:         0 kB
Swap:                  0 kB
KernelPageSize:        4 kB
MMUPageSize:           4 kB
Locked:                0 kB
VmFlags: rd wr sh mr mw me ms 
7f3fdd3b7000-7f3fdd3bd000 rw-s 00000000 00:05 103956                     /drm mm object (deleted)
Size:                 24 kB
Rss:                  24 kB
Pss:                  14 kB
Shared_Clean:          0 kB
Shared_Dirty:         20 kB
Private_Clean:         0 kB
Private_Dirty:         4 kB
Referenced:           24 kB
Anonymous:             0 kB
AnonHugePages:         0 kB
Swap:                  0 kB
KernelPageSize:        4 kB
MMUPageSize:           4 kB
Locked:                0 kB
VmFlags: rd wr sh mr mw me ms 
7f3fdd3c0000-7f3fdd3c7000 rw-s 00000000 00:05 120945                     /drm mm object (deleted)
Size:                 28 kB
Rss:                  28 kB
Pss:                  14 kB
Shared_Clean:          0 kB
Shared_Dirty:         28 kB
Private_Clean:         0 kB
Private_Dirty:         0 kB
Referenced:           28 kB
Anonymous:             0 kB
AnonHugePages:         0 kB
Swap:                  0 kB
KernelPageSize:        4 kB
MMUPageSize:           4 kB
Locked:                0 kB
VmFlags: rd wr sh mr mw me ms 
7f3fdd3c7000-7f3fdd3ce000 rw-s 00000000 00:05 98782                      /drm mm object (deleted)
Size:                 28 kB
Rss:                  28 kB
Pss:                  14 kB
Shared_Clean:          0 kB
Shared_Dirty:         28 kB
Private_Clean:         0 kB
Private_Dirty:         0 kB
Referenced:           28 kB
Anonymous:             0 kB
AnonHugePages:         0 kB
Swap:                  0 kB
KernelPageSize:        4 kB
MMUPageSize:           4 kB
Locked:                0 kB
VmFlags: rd wr sh mr mw me ms 
7f3fdd3ce000-7f3fdd3d5000 rw-s 00000000 00:05 106991                     /drm mm object (deleted)
Size:                 28 kB
Rss:                  28 kB
Pss:                  14 kB
Shared_Clean:          0 kB
Shared_Dirty:         28 kB
Private_Clean:         0 kB
Private_Dirty:         0 kB
Referenced:           28 kB
Anonymous:             0 kB
AnonHugePages:         0 kB
Swap:                  0 kB
KernelPageSize:        4 kB
MMUPageSize:           4 kB
Locked:                0 kB
VmFlags: rd wr sh mr mw me ms 
7f3fdd3da000-7f3fdd3e1000 rw-s 00000000 00:05 120945                     /drm mm object (deleted)
Size:                 28 kB
Rss:                  28 kB
Pss:                  14 kB
Shared_Clean:          0 kB
Shared_Dirty:         28 kB
Private_Clean:         0 kB
Private_Dirty:         0 kB
Referenced:           28 kB
Anonymous:             0 kB
AnonHugePages:         0 kB
Swap:                  0 kB
KernelPageSize:        4 kB
MMUPageSize:           4 kB
Locked:                0 kB
VmFlags: rd wr sh mr mw me ms 
7f3fdd3e1000-7f3fdd3f0000 rw-s 00000000 00:05 58798                      /drm mm object (deleted)
Size:                 60 kB
Rss:                  60 kB
Pss:                  30 kB
Shared_Clean:          0 kB
Shared_Dirty:         60 kB
Private_Clean:         0 kB
Private_Dirty:         0 kB
Referenced:           60 kB
Anonymous:             0 kB
AnonHugePages:         0 kB
Swap:                  0 kB
KernelPageSize:        4 kB
MMUPageSize:           4 kB
Locked:                0 kB
VmFlags: rd wr sh mr mw me ms 
7f3fdd3f1000-7f3fdd3f7000 rw-s 00000000 00:05 119514                     /drm mm object (deleted)
Size:                 24 kB
Rss:                  24 kB
Pss:                  12 kB
Shared_Clean:          0 kB
Shared_Dirty:         24 kB
Private_Clean:         0 kB
Private_Dirty:         0 kB
Referenced:           24 kB
Anonymous:             0 kB
AnonHugePages:         0 kB
Swap:                  0 kB
KernelPageSize:        4 kB
MMUPageSize:           4 kB
Locked:                0 kB
VmFlags: rd wr sh mr mw me ms 
7f3fdd3f7000-7f3fdd3fe000 rw-s 00000000 00:05 49131                      /drm mm object (deleted)
Size:                 28 kB
Rss:                  28 kB
Pss:                  14 kB
Shared_Clean:          0 kB
Shared_Dirty:         28 kB
Private_Clean:         0 kB
Private_Dirty:         0 kB
Referenced:           28 kB
Anonymous:             0 kB
AnonHugePages:         0 kB
Swap:                  0 kB
KernelPageSize:        4 kB
MMUPageSize:           4 kB
Locked:                0 kB
VmFlags: rd wr sh mr mw me ms 
7f3fdd3fe000-7f3fdd405000 rw-s 00000000 00:05 49131                      /drm mm object (deleted)
Size:                 28 kB
Rss:                  28 kB
Pss:                  14 kB
Shared_Clean:          0 kB
Shared_Dirty:         28 kB
Private_Clean:         0 kB
Private_Dirty:         0 kB
Referenced:           28 kB
Anonymous:             0 kB
AnonHugePages:         0 kB
Swap:                  0 kB
KernelPageSize:        4 kB
MMUPageSize:           4 kB
Locked:                0 kB
VmFlags: rd wr sh mr mw me ms 
7f3fdd406000-7f3fdd40a000 rw-s 00000000 00:05 61182                      /drm mm object (deleted)
Size:                 16 kB
Rss:                  16 kB
Pss:                  16 kB
Shared_Clean:          0 kB
Shared_Dirty:          0 kB
Private_Clean:         0 kB
Private_Dirty:        16 kB
Referenced:           16 kB
Anonymous:             0 kB
AnonHugePages:         0 kB
Swap:                  0 kB
KernelPageSize:        4 kB
MMUPageSize:           4 kB
Locked:                0 kB
VmFlags: rd wr sh mr mw me ms 
7f3fdd410000-7f3fdd417000 rw-s 00000000 00:05 122943                     /drm mm object (deleted)
Size:                 28 kB
Rss:                  28 kB
Pss:                  18 kB
Shared_Clean:          0 kB
Shared_Dirty:         20 kB
Private_Clean:         0 kB
Private_Dirty:         8 kB
Referenced:           28 kB
Anonymous:             0 kB
AnonHugePages:         0 kB
Swap:                  0 kB
KernelPageSize:        4 kB
MMUPageSize:           4 kB
Locked:                0 kB
VmFlags: rd wr sh mr mw me ms 
7f3fdd417000-7f3fdd42c000 rw-s 00000000 00:05 115321                     /drm mm object (deleted)
Size:                 84 kB
Rss:                  80 kB
Pss:                  40 kB
Shared_Clean:          0 kB
Shared_Dirty:         80 kB
Private_Clean:         0 kB
Private_Dirty:         0 kB
Referenced:           80 kB
Anonymous:             0 kB
AnonHugePages:         0 kB
Swap:                  0 kB
KernelPageSize:        4 kB
MMUPageSize:           4 kB
Locked:                0 kB
VmFlags: rd wr sh mr mw me ms 
7f3fdd42d000-7f3fdd44b000 rw-s 00000000 00:05 116072                     /drm mm object (deleted)
Size:                120 kB
Rss:                 120 kB
Pss:                  80 kB
Shared_Clean:          0 kB
Shared_Dirty:         80 kB
Private_Clean:         0 kB
Private_Dirty:        40 kB
Referenced:          120 kB
Anonymous:             0 kB
AnonHugePages:         0 kB
Swap:                  0 kB
KernelPageSize:        4 kB
MMUPageSize:           4 kB
Locked:                0 kB
VmFlags: rd wr sh mr mw me ms 
7f3fdd44b000-7f3fdd460000 rw-s 00000000 00:05 115321                     /drm mm object (deleted)
Size:                 84 kB
Rss:                  84 kB
Pss:                  44 kB
Shared_Clean:          0 kB
Shared_Dirty:         80 kB
Private_Clean:         0 kB
Private_Dirty:         4 kB
Referenced:           84 kB
Anonymous:             0 kB
AnonHugePages:         0 kB
Swap:                  0 kB
KernelPageSize:        4 kB
MMUPageSize:           4 kB
Locked:                0 kB
VmFlags: rd wr sh mr mw me ms 
7f3fdd460000-7f3fdd467000 rw-s 00000000 00:05 116922                     /drm mm object (deleted)
Size:                 28 kB
Rss:                  28 kB
Pss:                  14 kB
Shared_Clean:          0 kB
Shared_Dirty:         28 kB
Private_Clean:         0 kB
Private_Dirty:         0 kB
Referenced:           28 kB
Anonymous:             0 kB
AnonHugePages:         0 kB
Swap:                  0 kB
KernelPageSize:        4 kB
MMUPageSize:           4 kB
Locked:                0 kB
VmFlags: rd wr sh mr mw me ms 
7f3fdd46a000-7f3fdd46f000 rw-s 00000000 00:05 121435                     /drm mm object (deleted)
Size:                 20 kB
Rss:                  20 kB
Pss:                  10 kB
Shared_Clean:          0 kB
Shared_Dirty:         20 kB
Private_Clean:         0 kB
Private_Dirty:         0 kB
Referenced:           20 kB
Anonymous:             0 kB
AnonHugePages:         0 kB
Swap:                  0 kB
KernelPageSize:        4 kB
MMUPageSize:           4 kB
Locked:                0 kB
VmFlags: rd wr sh mr mw me ms 
7f3fdd46f000-7f3fdd474000 rw-s 00000000 00:05 119579                     /drm mm object (deleted)
Size:                 20 kB
Rss:                  20 kB
Pss:                  10 kB
Shared_Clean:          0 kB
Shared_Dirty:         20 kB
Private_Clean:         0 kB
Private_Dirty:         0 kB
Referenced:           20 kB
Anonymous:             0 kB
AnonHugePages:         0 kB
Swap:                  0 kB
KernelPageSize:        4 kB
MMUPageSize:           4 kB
Locked:                0 kB
VmFlags: rd wr sh mr mw me ms 
7f3fdd474000-7f3fdd47b000 rw-s 00000000 00:05 116922                     /drm mm object (deleted)
Size:                 28 kB
Rss:                  28 kB
Pss:                  14 kB
Shared_Clean:          0 kB
Shared_Dirty:         28 kB
Private_Clean:         0 kB
Private_Dirty:         0 kB
Referenced:           28 kB
Anonymous:             0 kB
AnonHugePages:         0 kB
Swap:                  0 kB
KernelPageSize:        4 kB
MMUPageSize:           4 kB
Locked:                0 kB
VmFlags: rd wr sh mr mw me ms 
7f3fdd47c000-7f3fdd47f000 rw-s 00000000 00:05 121990                     /drm mm object (deleted)
Size:                 12 kB
Rss:                  12 kB
Pss:                  12 kB
Shared_Clean:          0 kB
Shared_Dirty:          0 kB
Private_Clean:         0 kB
Private_Dirty:        12 kB
Referenced:           12 kB
Anonymous:             0 kB
AnonHugePages:         0 kB
Swap:                  0 kB
KernelPageSize:        4 kB
MMUPageSize:           4 kB
Locked:                0 kB
VmFlags: rd wr sh mr mw me ms 
7f3fdd47f000-7f3fdd484000 rw-s 00000000 00:05 121435                     /drm mm object (deleted)
Size:                 20 kB
Rss:                  20 kB
Pss:                  10 kB
Shared_Clean:          0 kB
Shared_Dirty:         20 kB
Private_Clean:         0 kB
Private_Dirty:         0 kB
Referenced:           20 kB
Anonymous:             0 kB
AnonHugePages:         0 kB
Swap:                  0 kB
KernelPageSize:        4 kB
MMUPageSize:           4 kB
Locked:                0 kB
VmFlags: rd wr sh mr mw me ms 
7f3fdd484000-7f3fdd499000 rw-s 00000000 00:05 116070                     /drm mm object (deleted)
Size:                 84 kB
Rss:                  84 kB
Pss:                  84 kB
Shared_Clean:          0 kB
Shared_Dirty:          0 kB
Private_Clean:         0 kB
Private_Dirty:        84 kB
Referenced:           84 kB
Anonymous:             0 kB
AnonHugePages:         0 kB
Swap:                  0 kB
KernelPageSize:        4 kB
MMUPageSize:           4 kB
Locked:                0 kB
VmFlags: rd wr sh mr mw me ms 
7f3fdd49a000-7f3fdd4a3000 rw-s 00000000 00:05 123011                     /drm mm object (deleted)
Size:                 36 kB
Rss:                  36 kB
Pss:                  18 kB
Shared_Clean:          0 kB
Shared_Dirty:         36 kB
Private_Clean:         0 kB
Private_Dirty:         0 kB
Referenced:           36 kB
Anonymous:             0 kB
AnonHugePages:         0 kB
Swap:                  0 kB
KernelPageSize:        4 kB
MMUPageSize:           4 kB
Locked:                0 kB
VmFlags: rd wr sh mr mw me ms 
7f3fdd4a3000-7f3fdd4a8000 rw-s 00000000 00:05 119579                     /drm mm object (deleted)
Size:                 20 kB
Rss:                  20 kB
Pss:                  10 kB
Shared_Clean:          0 kB
Shared_Dirty:         20 kB
Private_Clean:         0 kB
Private_Dirty:         0 kB
Referenced:           20 kB
Anonymous:             0 kB
AnonHugePages:         0 kB
Swap:                  0 kB
KernelPageSize:        4 kB
MMUPageSize:           4 kB
Locked:                0 kB
VmFlags: rd wr sh mr mw me ms 
7f3fdd4af000-7f3fdd4b0000 ---p 00000000 00:00 0 
Size:                  4 kB
Rss:                   0 kB
Pss:                   0 kB
Shared_Clean:          0 kB
Shared_Dirty:          0 kB
Private_Clean:         0 kB
Private_Dirty:         0 kB
Referenced:            0 kB
Anonymous:             0 kB
AnonHugePages:         0 kB
Swap:                  0 kB
KernelPageSize:        4 kB
MMUPageSize:           4 kB
Locked:                0 kB
VmFlags: mr mw me 
7f3fdd4b0000-7f3fddcb0000 rw-p 00000000 00:00 0                          [stack:2396]
Size:               8192 kB
Rss:                   8 kB
Pss:                   8 kB
Shared_Clean:          0 kB
Shared_Dirty:          0 kB
Private_Clean:         0 kB
Private_Dirty:         8 kB
Referenced:            8 kB
Anonymous:             8 kB
AnonHugePages:         0 kB
Swap:                  0 kB
KernelPageSize:        4 kB
MMUPageSize:           4 kB
Locked:                0 kB
VmFlags: rd wr mr mw me ac 
7f3fddcb0000-7f3fdddf1000 rw-s 00000000 08:04 21771374                   /root/.cache/mesa_shader_cache/index
Size:               1284 kB
Rss:                   0 kB
Pss:                   0 kB
Shared_Clean:          0 kB
Shared_Dirty:          0 kB
Private_Clean:         0 kB
Private_Dirty:         0 kB
Referenced:            0 kB
Anonymous:             0 kB
AnonHugePages:         0 kB
Swap:                  0 kB
KernelPageSize:        4 kB
MMUPageSize:           4 kB
Locked:                0 kB
VmFlags: rd wr sh mr mw me ms 
7f3fdddf1000-7f3fdddfc000 r-xp 00000000 08:04 14472472                   /lib64/libnss_files-2.28.so
Size:                 44 kB
Rss:                  44 kB
Pss:                   1 kB
Shared_Clean:         44 kB
Shared_Dirty:          0 kB
Private_Clean:         0 kB
Private_Dirty:         0 kB
Referenced:           44 kB
Anonymous:             0 kB
AnonHugePages:         0 kB
Swap:                  0 kB
KernelPageSize:        4 kB
MMUPageSize:           4 kB
Locked:                0 kB
VmFlags: rd ex mr mw me 
7f3fdddfc000-7f3fddffb000 ---p 0000b000 08:04 14472472                   /lib64/libnss_files-2.28.so
Size:               2044 kB
Rss:                   0 kB
Pss:                   0 kB
Shared_Clean:          0 kB
Shared_Dirty:          0 kB
Private_Clean:         0 kB
Private_Dirty:         0 kB
Referenced:            0 kB
Anonymous:             0 kB
AnonHugePages:         0 kB
Swap:                  0 kB
KernelPageSize:        4 kB
MMUPageSize:           4 kB
Locked:                0 kB
VmFlags: mr mw me 
7f3fddffb000-7f3fddffc000 r--p 0000a000 08:04 14472472                   /lib64/libnss_files-2.28.so
Size:                  4 kB
Rss:                   4 kB
Pss:                   4 kB
Shared_Clean:          0 kB
Shared_Dirty:          0 kB
Private_Clean:         0 kB
Private_Dirty:         4 kB
Referenced:            4 kB
Anonymous:             4 kB
AnonHugePages:         0 kB
Swap:                  0 kB
KernelPageSize:        4 kB
MMUPageSize:           4 kB
Locked:                0 kB
VmFlags: rd mr mw me ac 
7f3fddffc000-7f3fddffd000 rw-p 0000b000 08:04 14472472                   /lib64/libnss_files-2.28.so
Size:                  4 kB
Rss:                   4 kB
Pss:                   4 kB
Shared_Clean:          0 kB
Shared_Dirty:          0 kB
Private_Clean:         0 kB
Private_Dirty:         4 kB
Referenced:            4 kB
Anonymous:             4 kB
AnonHugePages:         0 kB
